Archive member included to satisfy reference by file (symbol)

c:/st/stm32cubeide_1.8.0/stm32cubeide/plugins/com.st.stm32cube.ide.mcu.externaltools.gnu-tools-for-stm32.9-2020-q2-update.win32_2.0.0.202105311346/tools/bin/../lib/gcc/arm-none-eabi/9.3.1/../../../../arm-none-eabi/lib/thumb/v7e-m+dp/hard\libc_nano.a(lib_a-errno.o)
                              ./Core/Src/syscalls.o (__errno)
c:/st/stm32cubeide_1.8.0/stm32cubeide/plugins/com.st.stm32cube.ide.mcu.externaltools.gnu-tools-for-stm32.9-2020-q2-update.win32_2.0.0.202105311346/tools/bin/../lib/gcc/arm-none-eabi/9.3.1/../../../../arm-none-eabi/lib/thumb/v7e-m+dp/hard\libc_nano.a(lib_a-exit.o)
                              c:/st/stm32cubeide_1.8.0/stm32cubeide/plugins/com.st.stm32cube.ide.mcu.externaltools.gnu-tools-for-stm32.9-2020-q2-update.win32_2.0.0.202105311346/tools/bin/../lib/gcc/arm-none-eabi/9.3.1/../../../../arm-none-eabi/lib/thumb/v7e-m+dp/hard/crt0.o (exit)
c:/st/stm32cubeide_1.8.0/stm32cubeide/plugins/com.st.stm32cube.ide.mcu.externaltools.gnu-tools-for-stm32.9-2020-q2-update.win32_2.0.0.202105311346/tools/bin/../lib/gcc/arm-none-eabi/9.3.1/../../../../arm-none-eabi/lib/thumb/v7e-m+dp/hard\libc_nano.a(lib_a-findfp.o)
                              ./Middlewares/Third_Party/FreeRTOS/Source/tasks.o (__sf_fake_stderr)
c:/st/stm32cubeide_1.8.0/stm32cubeide/plugins/com.st.stm32cube.ide.mcu.externaltools.gnu-tools-for-stm32.9-2020-q2-update.win32_2.0.0.202105311346/tools/bin/../lib/gcc/arm-none-eabi/9.3.1/../../../../arm-none-eabi/lib/thumb/v7e-m+dp/hard\libc_nano.a(lib_a-fwalk.o)
                              c:/st/stm32cubeide_1.8.0/stm32cubeide/plugins/com.st.stm32cube.ide.mcu.externaltools.gnu-tools-for-stm32.9-2020-q2-update.win32_2.0.0.202105311346/tools/bin/../lib/gcc/arm-none-eabi/9.3.1/../../../../arm-none-eabi/lib/thumb/v7e-m+dp/hard\libc_nano.a(lib_a-findfp.o) (_fwalk)
c:/st/stm32cubeide_1.8.0/stm32cubeide/plugins/com.st.stm32cube.ide.mcu.externaltools.gnu-tools-for-stm32.9-2020-q2-update.win32_2.0.0.202105311346/tools/bin/../lib/gcc/arm-none-eabi/9.3.1/../../../../arm-none-eabi/lib/thumb/v7e-m+dp/hard\libc_nano.a(lib_a-impure.o)
                              c:/st/stm32cubeide_1.8.0/stm32cubeide/plugins/com.st.stm32cube.ide.mcu.externaltools.gnu-tools-for-stm32.9-2020-q2-update.win32_2.0.0.202105311346/tools/bin/../lib/gcc/arm-none-eabi/9.3.1/../../../../arm-none-eabi/lib/thumb/v7e-m+dp/hard\libc_nano.a(lib_a-exit.o) (_global_impure_ptr)
c:/st/stm32cubeide_1.8.0/stm32cubeide/plugins/com.st.stm32cube.ide.mcu.externaltools.gnu-tools-for-stm32.9-2020-q2-update.win32_2.0.0.202105311346/tools/bin/../lib/gcc/arm-none-eabi/9.3.1/../../../../arm-none-eabi/lib/thumb/v7e-m+dp/hard\libc_nano.a(lib_a-init.o)
                              c:/st/stm32cubeide_1.8.0/stm32cubeide/plugins/com.st.stm32cube.ide.mcu.externaltools.gnu-tools-for-stm32.9-2020-q2-update.win32_2.0.0.202105311346/tools/bin/../lib/gcc/arm-none-eabi/9.3.1/../../../../arm-none-eabi/lib/thumb/v7e-m+dp/hard/crt0.o (__libc_init_array)
c:/st/stm32cubeide_1.8.0/stm32cubeide/plugins/com.st.stm32cube.ide.mcu.externaltools.gnu-tools-for-stm32.9-2020-q2-update.win32_2.0.0.202105311346/tools/bin/../lib/gcc/arm-none-eabi/9.3.1/../../../../arm-none-eabi/lib/thumb/v7e-m+dp/hard\libc_nano.a(lib_a-lock.o)
                              c:/st/stm32cubeide_1.8.0/stm32cubeide/plugins/com.st.stm32cube.ide.mcu.externaltools.gnu-tools-for-stm32.9-2020-q2-update.win32_2.0.0.202105311346/tools/bin/../lib/gcc/arm-none-eabi/9.3.1/../../../../arm-none-eabi/lib/thumb/v7e-m+dp/hard\libc_nano.a(lib_a-findfp.o) (__retarget_lock_init_recursive)
c:/st/stm32cubeide_1.8.0/stm32cubeide/plugins/com.st.stm32cube.ide.mcu.externaltools.gnu-tools-for-stm32.9-2020-q2-update.win32_2.0.0.202105311346/tools/bin/../lib/gcc/arm-none-eabi/9.3.1/../../../../arm-none-eabi/lib/thumb/v7e-m+dp/hard\libc_nano.a(lib_a-memcpy-stub.o)
                              ./Drivers/STM32H7xx_HAL_Driver/Src/stm32h7xx_hal_fdcan.o (memcpy)
c:/st/stm32cubeide_1.8.0/stm32cubeide/plugins/com.st.stm32cube.ide.mcu.externaltools.gnu-tools-for-stm32.9-2020-q2-update.win32_2.0.0.202105311346/tools/bin/../lib/gcc/arm-none-eabi/9.3.1/../../../../arm-none-eabi/lib/thumb/v7e-m+dp/hard\libc_nano.a(lib_a-memset.o)
                              c:/st/stm32cubeide_1.8.0/stm32cubeide/plugins/com.st.stm32cube.ide.mcu.externaltools.gnu-tools-for-stm32.9-2020-q2-update.win32_2.0.0.202105311346/tools/bin/../lib/gcc/arm-none-eabi/9.3.1/../../../../arm-none-eabi/lib/thumb/v7e-m+dp/hard/crt0.o (memset)
c:/st/stm32cubeide_1.8.0/stm32cubeide/plugins/com.st.stm32cube.ide.mcu.externaltools.gnu-tools-for-stm32.9-2020-q2-update.win32_2.0.0.202105311346/tools/bin/../lib/gcc/arm-none-eabi/9.3.1/../../../../arm-none-eabi/lib/thumb/v7e-m+dp/hard\libc_nano.a(lib_a-nano-mallocr.o)
[...]
Memory Configuration

Name             Origin             Length             Attributes
ITCMRAM          0x0000000000000000 0x0000000000010000 xrw
FLASH            0x0000000008000000 0x0000000000200000 xr
DTCMRAM1         0x0000000020000000 0x0000000000010000 xrw
DTCMRAM2         0x0000000020010000 0x0000000000010000 xrw
RAM              0x0000000024000000 0x0000000000100000 xrw
RAM_CD           0x0000000030000000 0x0000000000020000 xrw
RAM_SRD          0x0000000038000000 0x0000000000008000 xrw
*default*        0x0000000000000000 0xffffffffffffffff

Linker script and memory map

LOAD c:/st/stm32cubeide_1.8.0/stm32cubeide/plugins/com.st.stm32cube.ide.mcu.externaltools.gnu-tools-for-stm32.9-2020-q2-update.win32_2.0.0.202105311346/tools/bin/../lib/gcc/arm-none-eabi/9.3.1/thumb/v7e-m+dp/hard/crti.o
LOAD c:/st/stm32cubeide_1.8.0/stm32cubeide/plugins/com.st.stm32cube.ide.mcu.externaltools.gnu-tools-for-stm32.9-2020-q2-update.win32_2.0.0.202105311346/tools/bin/../lib/gcc/arm-none-eabi/9.3.1/thumb/v7e-m+dp/hard/crtbegin.o
LOAD c:/st/stm32cubeide_1.8.0/stm32cubeide/plugins/com.st.stm32cube.ide.mcu.externaltools.gnu-tools-for-stm32.9-2020-q2-update.win32_2.0.0.202105311346/tools/bin/../lib/gcc/arm-none-eabi/9.3.1/../../../../arm-none-eabi/lib/thumb/v7e-m+dp/hard/crt0.o
LOAD ./Core/Src/_7_seg.o
LOAD ./Core/Src/fdcan.o
LOAD ./Core/Src/freertos.o
LOAD ./Core/Src/gpio.o
LOAD ./Core/Src/i2c.o
LOAD ./Core/Src/i2c_lcd.o
LOAD ./Core/Src/main.o
LOAD ./Core/Src/stm32h7xx_hal_msp.o
LOAD ./Core/Src/stm32h7xx_hal_timebase_tim.o
LOAD ./Core/Src/stm32h7xx_it.o
LOAD ./Core/Src/syscalls.o
LOAD ./Core/Src/sysmem.o
LOAD ./Core/Src/system_stm32h7xx.o
LOAD ./Core/Src/tim.o
LOAD ./Core/Src/usart.o
LOAD ./Core/Startup/startup_stm32h7a3zitxq.o
LOAD ./Drivers/STM32H7xx_HAL_Driver/Src/stm32h7xx_hal.o
LOAD ./Drivers/STM32H7xx_HAL_Driver/Src/stm32h7xx_hal_cortex.o
LOAD ./Drivers/STM32H7xx_HAL_Driver/Src/stm32h7xx_hal_dma.o
LOAD ./Drivers/STM32H7xx_HAL_Driver/Src/stm32h7xx_hal_dma_ex.o
LOAD ./Drivers/STM32H7xx_HAL_Driver/Src/stm32h7xx_hal_exti.o
LOAD ./Drivers/STM32H7xx_HAL_Driver/Src/stm32h7xx_hal_fdcan.o
LOAD ./Drivers/STM32H7xx_HAL_Driver/Src/stm32h7xx_hal_flash.o
LOAD ./Drivers/STM32H7xx_HAL_Driver/Src/stm32h7xx_hal_flash_ex.o
LOAD ./Drivers/STM32H7xx_HAL_Driver/Src/stm32h7xx_hal_gpio.o
LOAD ./Drivers/STM32H7xx_HAL_Driver/Src/stm32h7xx_hal_hsem.o
LOAD ./Drivers/STM32H7xx_HAL_Driver/Src/stm32h7xx_hal_i2c.o
LOAD ./Drivers/STM32H7xx_HAL_Driver/Src/stm32h7xx_hal_i2c_ex.o
LOAD ./Drivers/STM32H7xx_HAL_Driver/Src/stm32h7xx_hal_mdma.o
LOAD ./Drivers/STM32H7xx_HAL_Driver/Src/stm32h7xx_hal_pwr.o
LOAD ./Drivers/STM32H7xx_HAL_Driver/Src/stm32h7xx_hal_pwr_ex.o
LOAD ./Drivers/STM32H7xx_HAL_Driver/Src/stm32h7xx_hal_rcc.o
LOAD ./Drivers/STM32H7xx_HAL_Driver/Src/stm32h7xx_hal_rcc_ex.o
LOAD ./Drivers/STM32H7xx_HAL_Driver/Src/stm32h7xx_hal_tim.o
LOAD ./Drivers/STM32H7xx_HAL_Driver/Src/stm32h7xx_hal_tim_ex.o
LOAD ./Drivers/STM32H7xx_HAL_Driver/Src/stm32h7xx_hal_uart.o
LOAD ./Drivers/STM32H7xx_HAL_Driver/Src/stm32h7xx_hal_uart_ex.o
LOAD ./Middlewares/Third_Party/FreeRTOS/Source/CMSIS_RTOS_V2/cmsis_os2.o
LOAD ./Middlewares/Third_Party/FreeRTOS/Source/croutine.o
LOAD ./Middlewares/Third_Party/FreeRTOS/Source/event_groups.o
LOAD ./Middlewares/Third_Party/FreeRTOS/Source/list.o
LOAD ./Middlewares/Third_Party/FreeRTOS/Source/queue.o
LOAD ./Middlewares/Third_Party/FreeRTOS/Source/stream_buffer.o
LOAD ./Middlewares/Third_Party/FreeRTOS/Source/tasks.o
LOAD ./Middlewares/Third_Party/FreeRTOS/Source/timers.o
LOAD ./Middlewares/Third_Party/FreeRTOS/Source/portable/GCC/ARM_CM4F/port.o
LOAD ./Middlewares/Third_Party/FreeRTOS/Source/portable/MemMang/heap_4.o
START GROUP
LOAD c:/st/stm32cubeide_1.8.0/stm32cubeide/plugins/com.st.stm32cube.ide.mcu.externaltools.gnu-tools-for-stm32.9-2020-q2-update.win32_2.0.0.202105311346/tools/bin/../lib/gcc/arm-none-eabi/9.3.1/../../../../arm-none-eabi/lib/thumb/v7e-m+dp/hard\libc_nano.a
LOAD c:/st/stm32cubeide_1.8.0/stm32cubeide/plugins/com.st.stm32cube.ide.mcu.externaltools.gnu-tools-for-stm32.9-2020-q2-update.win32_2.0.0.202105311346/tools/bin/../lib/gcc/arm-none-eabi/9.3.1/../../../../arm-none-eabi/lib/thumb/v7e-m+dp/hard\libm.a
END GROUP
START GROUP
LOAD c:/st/stm32cubeide_1.8.0/stm32cubeide/plugins/com.st.stm32cube.ide.mcu.externaltools.gnu-tools-for-stm32.9-2020-q2-update.win32_2.0.0.202105311346/tools/bin/../lib/gcc/arm-none-eabi/9.3.1/thumb/v7e-m+dp/hard\libgcc.a
LOAD c:/st/stm32cubeide_1.8.0/stm32cubeide/plugins/com.st.stm32cube.ide.mcu.externaltools.gnu-tools-for-stm32.9-2020-q2-update.win32_2.0.0.202105311346/tools/bin/../lib/gcc/arm-none-eabi/9.3.1/../../../../arm-none-eabi/lib/thumb/v7e-m+dp/hard\libc_nano.a
END GROUP
START GROUP
LOAD c:/st/stm32cubeide_1.8.0/stm32cubeide/plugins/com.st.stm32cube.ide.mcu.externaltools.gnu-tools-for-stm32.9-2020-q2-update.win32_2.0.0.202105311346/tools/bin/../lib/gcc/arm-none-eabi/9.3.1/thumb/v7e-m+dp/hard\libgcc.a
LOAD c:/st/stm32cubeide_1.8.0/stm32cubeide/plugins/com.st.stm32cube.ide.mcu.externaltools.gnu-tools-for-stm32.9-2020-q2-update.win32_2.0.0.202105311346/tools/bin/../lib/gcc/arm-none-eabi/9.3.1/../../../../arm-none-eabi/lib/thumb/v7e-m+dp/hard\libc_nano.a
LOAD c:/st/stm32cubeide_1.8.0/stm32cubeide/plugins/com.st.stm32cube.ide.mcu.externaltools.gnu-tools-for-stm32.9-2020-q2-update.win32_2.0.0.202105311346/tools/bin/../lib/gcc/arm-none-eabi/9.3.1/../../../../arm-none-eabi/lib/thumb/v7e-m+dp/hard\libnosys.a
END GROUP
START GROUP
LOAD c:/st/stm32cubeide_1.8.0/stm32cubeide/plugins/com.st.stm32cube.ide.mcu.externaltools.gnu-tools-for-stm32.9-2020-q2-update.win32_2.0.0.202105311346/tools/bin/../lib/gcc/arm-none-eabi/9.3.1/thumb/v7e-m+dp/hard\libgcc.a
LOAD c:/st/stm32cubeide_1.8.0/stm32cubeide/plugins/com.st.stm32cube.ide.mcu.externaltools.gnu-tools-for-stm32.9-2020-q2-update.win32_2.0.0.202105311346/tools/bin/../lib/gcc/arm-none-eabi/9.3.1/../../../../arm-none-eabi/lib/thumb/v7e-m+dp/hard\libc_nano.a
LOAD c:/st/stm32cubeide_1.8.0/stm32cubeide/plugins/com.st.stm32cube.ide.mcu.externaltools.gnu-tools-for-stm32.9-2020-q2-update.win32_2.0.0.202105311346/tools/bin/../lib/gcc/arm-none-eabi/9.3.1/../../../../arm-none-eabi/lib/thumb/v7e-m+dp/hard\libnosys.a
END GROUP
LOAD c:/st/stm32cubeide_1.8.0/stm32cubeide/plugins/com.st.stm32cube.ide.mcu.externaltools.gnu-tools-for-stm32.9-2020-q2-update.win32_2.0.0.202105311346/tools/bin/../lib/gcc/arm-none-eabi/9.3.1/thumb/v7e-m+dp/hard/crtend.o
LOAD c:/st/stm32cubeide_1.8.0/stm32cubeide/plugins/com.st.stm32cube.ide.mcu.externaltools.gnu-tools-for-stm32.9-2020-q2-update.win32_2.0.0.202105311346/tools/bin/../lib/gcc/arm-none-eabi/9.3.1/thumb/v7e-m+dp/hard/crtn.o
                0x0000000024100000                _estack = (ORIGIN (RAM) + LENGTH (RAM))
                0x0000000000000200                _Min_Heap_Size = 0x200
                0x0000000000000400                _Min_Stack_Size = 0x400

.isr_vector     0x0000000008000000      0x2ac
                0x0000000008000000                . = ALIGN (0x4)
 *(.isr_vector)
 .isr_vector    0x0000000008000000      0x2ac ./Core/Startup/startup_stm32h7a3zitxq.o
                0x0000000008000000                g_pfnVectors
                0x00000000080002ac                . = ALIGN (0x4)

.text           0x00000000080002b0     0xc2f8
                0x00000000080002b0                . = ALIGN (0x4)
 *(.text)
 .text          0x00000000080002b0       0x40 c:/st/stm32cubeide_1.8.0/stm32cubeide/plugins/com.st.stm32cube.ide.mcu.externaltools.gnu-tools-for-stm32.9-2020-q2-update.win32_2.0.0.202105311346/tools/bin/../lib/gcc/arm-none-eabi/9.3.1/thumb/v7e-m+dp/hard/crtbegin.o
 .text          0x00000000080002f0       0x30 c:/st/stm32cubeide_1.8.0/stm32cubeide/plugins/com.st.stm32cube.ide.mcu.externaltools.gnu-tools-for-stm32.9-2020-q2-update.win32_2.0.0.202105311346/tools/bin/../lib/gcc/arm-none-eabi/9.3.1/thumb/v7e-m+dp/hard\libgcc.a(_aeabi_uldivmod.o)
                0x00000000080002f0                __aeabi_uldivmod
 .text          0x0000000008000320      0x2c4 c:/st/stm32cubeide_1.8.0/stm32cubeide/plugins/com.st.stm32cube.ide.mcu.externaltools.gnu-tools-for-stm32.9-2020-q2-update.win32_2.0.0.202105311346/tools/bin/../lib/gcc/arm-none-eabi/9.3.1/thumb/v7e-m+dp/hard\libgcc.a(_udivmoddi4.o)
                0x0000000008000320                __udivmoddi4
 .text          0x00000000080005e4        0x4 c:/st/stm32cubeide_1.8.0/stm32cubeide/plugins/com.st.stm32cube.ide.mcu.externaltools.gnu-tools-for-stm32.9-2020-q2-update.win32_2.0.0.202105311346/tools/bin/../lib/gcc/arm-none-eabi/9.3.1/thumb/v7e-m+dp/hard\libgcc.a(_dvmd_tls.o)
                0x00000000080005e4                __aeabi_idiv0
                0x00000000080005e4                __aeabi_ldiv0
 *(.text*)
 .text.PowerOn_7_SEG_D1
                0x00000000080005e8       0x18 ./Core/Src/_7_seg.o
                0x00000000080005e8                PowerOn_7_SEG_D1
 .text.PowerOff_7_SEG_D1
                0x0000000008000600       0x18 ./Core/Src/_7_seg.o
                0x0000000008000600                PowerOff_7_SEG_D1
 .text.PowerOn_7_SEG_D2
                0x0000000008000618       0x18 ./Core/Src/_7_seg.o
                0x0000000008000618                PowerOn_7_SEG_D2
 .text.PowerOff_7_SEG_D2
                0x0000000008000630       0x18 ./Core/Src/_7_seg.o
                0x0000000008000630                PowerOff_7_SEG_D2
 .text.PowerOn_7_SEG_D3
                0x0000000008000648       0x18 ./Core/Src/_7_seg.o
                0x0000000008000648                PowerOn_7_SEG_D3
 .text.PowerOff_7_SEG_D3
                0x0000000008000660       0x18 ./Core/Src/_7_seg.o
                0x0000000008000660                PowerOff_7_SEG_D3
 .text.PowerOn_7_SEG_D4
                0x0000000008000678       0x18 ./Core/Src/_7_seg.o
                0x0000000008000678                PowerOn_7_SEG_D4
 .text.PowerOff_7_SEG_D4
                0x0000000008000690       0x18 ./Core/Src/_7_seg.o
                0x0000000008000690                PowerOff_7_SEG_D4
 .text.Off_7_SEG_AllPin
                0x00000000080006a8       0x10 ./Core/Src/_7_seg.o
                0x00000000080006a8                Off_7_SEG_AllPin
 .text.On_7_SEG_OnePin
                0x00000000080006b8       0x24 ./Core/Src/_7_seg.o
                0x00000000080006b8                On_7_SEG_OnePin
 .text.Off_7_SEG_OnePin
                0x00000000080006dc       0x24 ./Core/Src/_7_seg.o
                0x00000000080006dc                Off_7_SEG_OnePin
 .text._7_SEG_Num_Test2
                0x0000000008000700       0xa8 ./Core/Src/_7_seg.o
                0x0000000008000700                _7_SEG_Num_Test2
 .text._7_SEG_1234_Test
                0x00000000080007a8       0x58 ./Core/Src/_7_seg.o
                0x00000000080007a8                _7_SEG_1234_Test
 .text.HAL_TIM_IC_CaptureCallback
                0x0000000008000800      0x130 ./Core/Src/_7_seg.o
                0x0000000008000800                HAL_TIM_IC_CaptureCallback
 .text.HAL_GPIO_EXTI_Callback
                0x0000000008000930       0x20 ./Core/Src/_7_seg.o
                0x0000000008000930                HAL_GPIO_EXTI_Callback
 .text.MX_FDCAN1_Init
                0x0000000008000950      0x10c ./Core/Src/fdcan.o
                0x0000000008000950                MX_FDCAN1_Init
 .text.HAL_FDCAN_MspInit
                0x0000000008000a5c       0xdc ./Core/Src/fdcan.o
                0x0000000008000a5c                HAL_FDCAN_MspInit
 .text.MX_FREERTOS_Init
                0x0000000008000b38       0x5c ./Core/Src/freertos.o
                0x0000000008000b38                MX_FREERTOS_Init
 .text.StartDefaultTask
                0x0000000008000b94       0x20 ./Core/Src/freertos.o
                0x0000000008000b94                StartDefaultTask
 .text.StartTask02
                0x0000000008000bb4        0xe ./Core/Src/freertos.o
                0x0000000008000bb4                StartTask02
 .text.StartTask03
                0x0000000008000bc2       0x10 ./Core/Src/freertos.o
                0x0000000008000bc2                StartTask03
 *fill*         0x0000000008000bd2        0x2 
 .text.MX_GPIO_Init
                0x0000000008000bd4      0x1b0 ./Core/Src/gpio.o
                0x0000000008000bd4                MX_GPIO_Init
 .text.MX_I2C1_Init
                0x0000000008000d84       0x80 ./Core/Src/i2c.o
                0x0000000008000d84                MX_I2C1_Init
 .text.HAL_I2C_MspInit
                0x0000000008000e04       0xc8 ./Core/Src/i2c.o
                0x0000000008000e04                HAL_I2C_MspInit
 .text.i2cLcd_SendByte
                0x0000000008000ecc      0x120 ./Core/Src/i2c_lcd.o
                0x0000000008000ecc                i2cLcd_SendByte
 .text.i2cLcd_SendCmd
                0x0000000008000fec       0x22 ./Core/Src/i2c_lcd.o
                0x0000000008000fec                i2cLcd_SendCmd
 .text.i2cLcd_SendCmd_4b
                0x000000000800100e       0x22 ./Core/Src/i2c_lcd.o
                0x000000000800100e                i2cLcd_SendCmd_4b
 .text.i2cLcd_Init
                0x0000000008001030       0xec ./Core/Src/i2c_lcd.o
                0x0000000008001030                i2cLcd_Init
 .text.i2cLcd_ClearDisplay
                0x000000000800111c       0x1a ./Core/Src/i2c_lcd.o
                0x000000000800111c                i2cLcd_ClearDisplay
 .text.i2cLcd_CreateHandle
                0x0000000008001136       0x40 ./Core/Src/i2c_lcd.o
                0x0000000008001136                i2cLcd_CreateHandle
 .text.i2cLcd_I2cWrite
                0x0000000008001176       0x30 ./Core/Src/i2c_lcd.o
                0x0000000008001176                i2cLcd_I2cWrite
 .text.i2cLcd_Delay_ms
                0x00000000080011a6       0x18 ./Core/Src/i2c_lcd.o
                0x00000000080011a6                i2cLcd_Delay_ms
 *fill*         0x00000000080011be        0x2 
 .text.HAL_FDCAN_RxFifo0Callback
                0x00000000080011c0       0x68 ./Core/Src/main.o
                0x00000000080011c0                HAL_FDCAN_RxFifo0Callback
 .text.main     0x0000000008001228      0x110 ./Core/Src/main.o
                0x0000000008001228                main
 .text.SystemClock_Config
                0x0000000008001338       0xdc ./Core/Src/main.o
                0x0000000008001338                SystemClock_Config
 .text.HAL_TIM_PeriodElapsedCallback
                0x0000000008001414       0x24 ./Core/Src/main.o
                0x0000000008001414                HAL_TIM_PeriodElapsedCallback
 .text.Error_Handler
                0x0000000008001438        0xa ./Core/Src/main.o
                0x0000000008001438                Error_Handler
 *fill*         0x0000000008001442        0x2 
 .text.HAL_MspInit
                0x0000000008001444       0x3c ./Core/Src/stm32h7xx_hal_msp.o
                0x0000000008001444                HAL_MspInit
 .text.HAL_InitTick
                0x0000000008001480       0xd8 ./Core/Src/stm32h7xx_hal_timebase_tim.o
                0x0000000008001480                HAL_InitTick
 .text.NMI_Handler
                0x0000000008001558        0x6 ./Core/Src/stm32h7xx_it.o
                0x0000000008001558                NMI_Handler
 .text.HardFault_Handler
                0x000000000800155e        0x6 ./Core/Src/stm32h7xx_it.o
                0x000000000800155e                HardFault_Handler
 .text.MemManage_Handler
                0x0000000008001564        0x6 ./Core/Src/stm32h7xx_it.o
                0x0000000008001564                MemManage_Handler
 .text.BusFault_Handler
                0x000000000800156a        0x6 ./Core/Src/stm32h7xx_it.o
                0x000000000800156a                BusFault_Handler
 .text.UsageFault_Handler
                0x0000000008001570        0x6 ./Core/Src/stm32h7xx_it.o
                0x0000000008001570                UsageFault_Handler
 .text.DebugMon_Handler
                0x0000000008001576        0xe ./Core/Src/stm32h7xx_it.o
                0x0000000008001576                DebugMon_Handler
 .text.EXTI1_IRQHandler
                0x0000000008001584        0xe ./Core/Src/stm32h7xx_it.o
                0x0000000008001584                EXTI1_IRQHandler
 *fill*         0x0000000008001592        0x2 
 .text.FDCAN1_IT0_IRQHandler
                0x0000000008001594       0x14 ./Core/Src/stm32h7xx_it.o
                0x0000000008001594                FDCAN1_IT0_IRQHandler
 .text.TIM3_IRQHandler
                0x00000000080015a8       0x14 ./Core/Src/stm32h7xx_it.o
                0x00000000080015a8                TIM3_IRQHandler
 .text.TIM4_IRQHandler
                0x00000000080015bc       0x14 ./Core/Src/stm32h7xx_it.o
                0x00000000080015bc                TIM4_IRQHandler
 .text.SystemInit
                0x00000000080015d0       0xf0 ./Core/Src/system_stm32h7xx.o
                0x00000000080015d0                SystemInit
 .text.MX_TIM1_Init
                0x00000000080016c0      0x158 ./Core/Src/tim.o
                0x00000000080016c0                MX_TIM1_Init
 .text.MX_TIM3_Init
                0x0000000008001818       0xe4 ./Core/Src/tim.o
                0x0000000008001818                MX_TIM3_Init
 .text.HAL_TIM_Base_MspInit
                0x00000000080018fc       0xd0 ./Core/Src/tim.o
                0x00000000080018fc                HAL_TIM_Base_MspInit
 .text.HAL_TIM_MspPostInit
                0x00000000080019cc       0x78 ./Core/Src/tim.o
                0x00000000080019cc                HAL_TIM_MspPostInit
 .text.MX_USART3_UART_Init
                0x0000000008001a44       0x98 ./Core/Src/usart.o
                0x0000000008001a44                MX_USART3_UART_Init
 .text.HAL_UART_MspInit
                0x0000000008001adc       0xcc ./Core/Src/usart.o
                0x0000000008001adc                HAL_UART_MspInit
 .text.Reset_Handler
                0x0000000008001ba8       0x50 ./Core/Startup/startup_stm32h7a3zitxq.o
                0x0000000008001ba8                Reset_Handler
 .text.Default_Handler
                0x0000000008001bf8        0x2 ./Core/Startup/startup_stm32h7a3zitxq.o
                0x0000000008001bf8                RTC_Alarm_IRQHandler
                0x0000000008001bf8                EXTI2_IRQHandler
                0x0000000008001bf8                TIM8_CC_IRQHandler
                0x0000000008001bf8                UART8_IRQHandler
                0x0000000008001bf8                BDMA2_Channel1_IRQHandler
                0x0000000008001bf8                SPI4_IRQHandler
                0x0000000008001bf8                BDMA2_Channel0_IRQHandler
                0x0000000008001bf8                TIM1_CC_IRQHandler
                0x0000000008001bf8                DMA2_Stream5_IRQHandler
                0x0000000008001bf8                JPEG_IRQHandler
                0x0000000008001bf8                DMA1_Stream5_IRQHandler
                0x0000000008001bf8                EXTI3_IRQHandler
                0x0000000008001bf8                LPTIM4_IRQHandler
                0x0000000008001bf8                TIM8_TRG_COM_TIM14_IRQHandler
                0x0000000008001bf8                LPTIM2_IRQHandler
                0x0000000008001bf8                DFSDM1_FLT1_IRQHandler
                0x0000000008001bf8                DMAMUX2_OVR_IRQHandler
                0x0000000008001bf8                GFXMMU_IRQHandler
                0x0000000008001bf8                TIM8_UP_TIM13_IRQHandler
                0x0000000008001bf8                I2C3_ER_IRQHandler
                0x0000000008001bf8                DFSDM1_FLT2_IRQHandler
                0x0000000008001bf8                USART10_IRQHandler
                0x0000000008001bf8                MDMA_IRQHandler
                0x0000000008001bf8                LPTIM3_IRQHandler
                0x0000000008001bf8                BDMA2_Channel3_IRQHandler
                0x0000000008001bf8                HSEM1_IRQHandler
                0x0000000008001bf8                EXTI0_IRQHandler
                0x0000000008001bf8                I2C2_EV_IRQHandler
                0x0000000008001bf8                DAC2_IRQHandler
                0x0000000008001bf8                DMA1_Stream2_IRQHandler
                0x0000000008001bf8                FPU_IRQHandler
                0x0000000008001bf8                OTG_HS_WKUP_IRQHandler
                0x0000000008001bf8                FDCAN1_IT1_IRQHandler
                0x0000000008001bf8                LTDC_ER_IRQHandler
                0x0000000008001bf8                DMA2_Stream2_IRQHandler
                0x0000000008001bf8                SPI1_IRQHandler
                0x0000000008001bf8                OCTOSPI1_IRQHandler
                0x0000000008001bf8                TIM6_DAC_IRQHandler
                0x0000000008001bf8                BDMA2_Channel6_IRQHandler
                0x0000000008001bf8                DMA2_Stream3_IRQHandler
                0x0000000008001bf8                OCTOSPI2_IRQHandler
                0x0000000008001bf8                SAI2_IRQHandler
                0x0000000008001bf8                BDMA1_IRQHandler
                0x0000000008001bf8                DFSDM1_FLT3_IRQHandler
                0x0000000008001bf8                USART6_IRQHandler
                0x0000000008001bf8                TIM17_IRQHandler
                0x0000000008001bf8                USART3_IRQHandler
                0x0000000008001bf8                LPTIM5_IRQHandler
                0x0000000008001bf8                UART5_IRQHandler
                0x0000000008001bf8                DMA2_Stream0_IRQHandler
                0x0000000008001bf8                I2C1_EV_IRQHandler
                0x0000000008001bf8                DMA1_Stream6_IRQHandler
                0x0000000008001bf8                DMAMUX1_OVR_IRQHandler
                0x0000000008001bf8                DMA1_Stream1_IRQHandler
                0x0000000008001bf8                TIM16_IRQHandler
                0x0000000008001bf8                UART4_IRQHandler
                0x0000000008001bf8                RCC_IRQHandler
                0x0000000008001bf8                UART9_IRQHandler
                0x0000000008001bf8                TIM8_BRK_TIM12_IRQHandler
                0x0000000008001bf8                TIM1_TRG_COM_IRQHandler
                0x0000000008001bf8                Default_Handler
                0x0000000008001bf8                ECC_IRQHandler
                0x0000000008001bf8                BDMA2_Channel2_IRQHandler
                0x0000000008001bf8                CEC_IRQHandler
                0x0000000008001bf8                EXTI15_10_IRQHandler
                0x0000000008001bf8                DFSDM1_FLT4_IRQHandler
                0x0000000008001bf8                ADC_IRQHandler
                0x0000000008001bf8                DMA1_Stream7_IRQHandler
                0x0000000008001bf8                SPI5_IRQHandler
                0x0000000008001bf8                TIM7_IRQHandler
                0x0000000008001bf8                SDMMC1_IRQHandler
                0x0000000008001bf8                TIM5_IRQHandler
                0x0000000008001bf8                DMA2_Stream7_IRQHandler
                0x0000000008001bf8                TIM15_IRQHandler
                0x0000000008001bf8                I2C3_EV_IRQHandler
                0x0000000008001bf8                DFSDM2_IRQHandler
                0x0000000008001bf8                EXTI9_5_IRQHandler
                0x0000000008001bf8                RTC_WKUP_IRQHandler
                0x0000000008001bf8                LTDC_IRQHandler
                0x0000000008001bf8                SPDIF_RX_IRQHandler
                0x0000000008001bf8                PVD_PVM_IRQHandler
                0x0000000008001bf8                SPI2_IRQHandler
                0x0000000008001bf8                OTG_HS_EP1_IN_IRQHandler
                0x0000000008001bf8                DFSDM1_FLT5_IRQHandler
                0x0000000008001bf8                DMA1_Stream0_IRQHandler
                0x0000000008001bf8                CRS_IRQHandler
                0x0000000008001bf8                EXTI4_IRQHandler
                0x0000000008001bf8                DFSDM1_FLT6_IRQHandler
                0x0000000008001bf8                RNG_IRQHandler
                0x0000000008001bf8                FDCAN2_IT1_IRQHandler
                0x0000000008001bf8                COMP_IRQHandler
                0x0000000008001bf8                TIM1_UP_IRQHandler
                0x0000000008001bf8                OTG_HS_EP1_OUT_IRQHandler
                0x0000000008001bf8                WWDG_IRQHandler
                0x0000000008001bf8                SPI6_IRQHandler
                0x0000000008001bf8                MDIOS_IRQHandler
                0x0000000008001bf8                I2C4_EV_IRQHandler
                0x0000000008001bf8                FDCAN2_IT0_IRQHandler
                0x0000000008001bf8                LPUART1_IRQHandler
                0x0000000008001bf8                TIM2_IRQHandler
                0x0000000008001bf8                BDMA2_Channel5_IRQHandler
                0x0000000008001bf8                OTG_HS_IRQHandler
                0x0000000008001bf8                DMA2D_IRQHandler
                0x0000000008001bf8                TIM1_BRK_IRQHandler
                0x0000000008001bf8                SDMMC2_IRQHandler
                0x0000000008001bf8                DTS_IRQHandler
                0x0000000008001bf8                UART7_IRQHandler
                0x0000000008001bf8                MDIOS_WKUP_IRQHandler
                0x0000000008001bf8                USART2_IRQHandler
                0x0000000008001bf8                DFSDM1_FLT0_IRQHandler
                0x0000000008001bf8                I2C2_ER_IRQHandler
                0x0000000008001bf8                DMA2_Stream1_IRQHandler
                0x0000000008001bf8                DFSDM1_FLT7_IRQHandler
                0x0000000008001bf8                FLASH_IRQHandler
                0x0000000008001bf8                DMA2_Stream4_IRQHandler
                0x0000000008001bf8                USART1_IRQHandler
                0x0000000008001bf8                SPI3_IRQHandler
                0x0000000008001bf8                WAKEUP_PIN_IRQHandler
                0x0000000008001bf8                DMA1_Stream4_IRQHandler
                0x0000000008001bf8                I2C1_ER_IRQHandler
                0x0000000008001bf8                FMC_IRQHandler
                0x0000000008001bf8                BDMA2_Channel7_IRQHandler
                0x0000000008001bf8                FDCAN_CAL_IRQHandler
                0x0000000008001bf8                SWPMI1_IRQHandler
                0x0000000008001bf8                LPTIM1_IRQHandler
                0x0000000008001bf8                DCMI_PSSI_IRQHandler
                0x0000000008001bf8                I2C4_ER_IRQHandler
                0x0000000008001bf8                DMA2_Stream6_IRQHandler
                0x0000000008001bf8                SAI1_IRQHandler
                0x0000000008001bf8                DMA1_Stream3_IRQHandler
                0x0000000008001bf8                RTC_TAMP_STAMP_CSS_LSE_IRQHandler
                0x0000000008001bf8                BDMA2_Channel4_IRQHandler
 *fill*         0x0000000008001bfa        0x2 
 .text.HAL_Init
                0x0000000008001bfc       0x78 ./Drivers/STM32H7xx_HAL_Driver/Src/stm32h7xx_hal.o
                0x0000000008001bfc                HAL_Init
 .text.HAL_IncTick
                0x0000000008001c74       0x28 ./Drivers/STM32H7xx_HAL_Driver/Src/stm32h7xx_hal.o
                0x0000000008001c74                HAL_IncTick
 .text.HAL_GetTick
                0x0000000008001c9c       0x18 ./Drivers/STM32H7xx_HAL_Driver/Src/stm32h7xx_hal.o
                0x0000000008001c9c                HAL_GetTick
 .text.HAL_Delay
                0x0000000008001cb4       0x48 ./Drivers/STM32H7xx_HAL_Driver/Src/stm32h7xx_hal.o
                0x0000000008001cb4                HAL_Delay
 .text.__NVIC_SetPriorityGrouping
                0x0000000008001cfc       0x48 ./Drivers/STM32H7xx_HAL_Driver/Src/stm32h7xx_hal_cortex.o
 .text.__NVIC_GetPriorityGrouping
                0x0000000008001d44       0x1c ./Drivers/STM32H7xx_HAL_Driver/Src/stm32h7xx_hal_cortex.o
 .text.__NVIC_EnableIRQ
                0x0000000008001d60       0x3c ./Drivers/STM32H7xx_HAL_Driver/Src/stm32h7xx_hal_cortex.o
 .text.__NVIC_SetPriority
                0x0000000008001d9c       0x54 ./Drivers/STM32H7xx_HAL_Driver/Src/stm32h7xx_hal_cortex.o
 .text.NVIC_EncodePriority
                0x0000000008001df0       0x66 ./Drivers/STM32H7xx_HAL_Driver/Src/stm32h7xx_hal_cortex.o
 .text.HAL_NVIC_SetPriorityGrouping
                0x0000000008001e56       0x16 ./Drivers/STM32H7xx_HAL_Driver/Src/stm32h7xx_hal_cortex.o
                0x0000000008001e56                HAL_NVIC_SetPriorityGrouping
 .text.HAL_NVIC_SetPriority
                0x0000000008001e6c       0x34 ./Drivers/STM32H7xx_HAL_Driver/Src/stm32h7xx_hal_cortex.o
                0x0000000008001e6c                HAL_NVIC_SetPriority
 .text.HAL_NVIC_EnableIRQ
                0x0000000008001ea0       0x1c ./Drivers/STM32H7xx_HAL_Driver/Src/stm32h7xx_hal_cortex.o
                0x0000000008001ea0                HAL_NVIC_EnableIRQ
 .text.HAL_FDCAN_Init
                0x0000000008001ebc      0x3c4 ./Drivers/STM32H7xx_HAL_Driver/Src/stm32h7xx_hal_fdcan.o
                0x0000000008001ebc                HAL_FDCAN_Init
 .text.HAL_FDCAN_ConfigFilter
                0x0000000008002280       0xec ./Drivers/STM32H7xx_HAL_Driver/Src/stm32h7xx_hal_fdcan.o
                0x0000000008002280                HAL_FDCAN_ConfigFilter
 .text.HAL_FDCAN_ConfigGlobalFilter
                0x000000000800236c       0x5a ./Drivers/STM32H7xx_HAL_Driver/Src/stm32h7xx_hal_fdcan.o
                0x000000000800236c                HAL_FDCAN_ConfigGlobalFilter
 .text.HAL_FDCAN_Start
                0x00000000080023c6       0x56 ./Drivers/STM32H7xx_HAL_Driver/Src/stm32h7xx_hal_fdcan.o
                0x00000000080023c6                HAL_FDCAN_Start
 .text.HAL_FDCAN_GetRxMessage
                0x000000000800241c      0x2dc ./Drivers/STM32H7xx_HAL_Driver/Src/stm32h7xx_hal_fdcan.o
                0x000000000800241c                HAL_FDCAN_GetRxMessage
 .text.HAL_FDCAN_ActivateNotification
                0x00000000080026f8       0xf4 ./Drivers/STM32H7xx_HAL_Driver/Src/stm32h7xx_hal_fdcan.o
                0x00000000080026f8                HAL_FDCAN_ActivateNotification
 .text.HAL_FDCAN_IRQHandler
                0x00000000080027ec      0x4bc ./Drivers/STM32H7xx_HAL_Driver/Src/stm32h7xx_hal_fdcan.o
                0x00000000080027ec                HAL_FDCAN_IRQHandler
 .text.HAL_FDCAN_ClockCalibrationCallback
                0x0000000008002ca8       0x16 ./Drivers/STM32H7xx_HAL_Driver/Src/stm32h7xx_hal_fdcan.o
                0x0000000008002ca8                HAL_FDCAN_ClockCalibrationCallback
 .text.HAL_FDCAN_TxEventFifoCallback
                0x0000000008002cbe       0x16 ./Drivers/STM32H7xx_HAL_Driver/Src/stm32h7xx_hal_fdcan.o
                0x0000000008002cbe                HAL_FDCAN_TxEventFifoCallback
 .text.HAL_FDCAN_RxFifo1Callback
                0x0000000008002cd4       0x16 ./Drivers/STM32H7xx_HAL_Driver/Src/stm32h7xx_hal_fdcan.o
                0x0000000008002cd4                HAL_FDCAN_RxFifo1Callback
 .text.HAL_FDCAN_TxFifoEmptyCallback
                0x0000000008002cea       0x14 ./Drivers/STM32H7xx_HAL_Driver/Src/stm32h7xx_hal_fdcan.o
                0x0000000008002cea                HAL_FDCAN_TxFifoEmptyCallback
 .text.HAL_FDCAN_TxBufferCompleteCallback
                0x0000000008002cfe       0x16 ./Drivers/STM32H7xx_HAL_Driver/Src/stm32h7xx_hal_fdcan.o
                0x0000000008002cfe                HAL_FDCAN_TxBufferCompleteCallback
 .text.HAL_FDCAN_TxBufferAbortCallback
                0x0000000008002d14       0x16 ./Drivers/STM32H7xx_HAL_Driver/Src/stm32h7xx_hal_fdcan.o
                0x0000000008002d14                HAL_FDCAN_TxBufferAbortCallback
 .text.HAL_FDCAN_RxBufferNewMessageCallback
                0x0000000008002d2a       0x14 ./Drivers/STM32H7xx_HAL_Driver/Src/stm32h7xx_hal_fdcan.o
                0x0000000008002d2a                HAL_FDCAN_RxBufferNewMessageCallback
 .text.HAL_FDCAN_TimestampWraparoundCallback
                0x0000000008002d3e       0x14 ./Drivers/STM32H7xx_HAL_Driver/Src/stm32h7xx_hal_fdcan.o
                0x0000000008002d3e                HAL_FDCAN_TimestampWraparoundCallback
 .text.HAL_FDCAN_TimeoutOccurredCallback
                0x0000000008002d52       0x14 ./Drivers/STM32H7xx_HAL_Driver/Src/stm32h7xx_hal_fdcan.o
                0x0000000008002d52                HAL_FDCAN_TimeoutOccurredCallback
 .text.HAL_FDCAN_HighPriorityMessageCallback
                0x0000000008002d66       0x14 ./Drivers/STM32H7xx_HAL_Driver/Src/stm32h7xx_hal_fdcan.o
                0x0000000008002d66                HAL_FDCAN_HighPriorityMessageCallback
 .text.HAL_FDCAN_ErrorCallback
                0x0000000008002d7a       0x14 ./Drivers/STM32H7xx_HAL_Driver/Src/stm32h7xx_hal_fdcan.o
                0x0000000008002d7a                HAL_FDCAN_ErrorCallback
 .text.HAL_FDCAN_ErrorStatusCallback
                0x0000000008002d8e       0x16 ./Drivers/STM32H7xx_HAL_Driver/Src/stm32h7xx_hal_fdcan.o
                0x0000000008002d8e                HAL_FDCAN_ErrorStatusCallback
 .text.HAL_FDCAN_TT_ScheduleSyncCallback
                0x0000000008002da4       0x16 ./Drivers/STM32H7xx_HAL_Driver/Src/stm32h7xx_hal_fdcan.o
                0x0000000008002da4                HAL_FDCAN_TT_ScheduleSyncCallback
 .text.HAL_FDCAN_TT_TimeMarkCallback
                0x0000000008002dba       0x16 ./Drivers/STM32H7xx_HAL_Driver/Src/stm32h7xx_hal_fdcan.o
                0x0000000008002dba                HAL_FDCAN_TT_TimeMarkCallback
 .text.HAL_FDCAN_TT_StopWatchCallback
                0x0000000008002dd0       0x18 ./Drivers/STM32H7xx_HAL_Driver/Src/stm32h7xx_hal_fdcan.o
                0x0000000008002dd0                HAL_FDCAN_TT_StopWatchCallback
 .text.HAL_FDCAN_TT_GlobalTimeCallback
                0x0000000008002de8       0x16 ./Drivers/STM32H7xx_HAL_Driver/Src/stm32h7xx_hal_fdcan.o
                0x0000000008002de8                HAL_FDCAN_TT_GlobalTimeCallback
 *fill*         0x0000000008002dfe        0x2 
 .text.FDCAN_CalcultateRamBlockAddresses
                0x0000000008002e00      0x30c ./Drivers/STM32H7xx_HAL_Driver/Src/stm32h7xx_hal_fdcan.o
 .text.HAL_GPIO_Init
                0x000000000800310c      0x360 ./Drivers/STM32H7xx_HAL_Driver/Src/stm32h7xx_hal_gpio.o
                0x000000000800310c                HAL_GPIO_Init
 .text.HAL_GPIO_WritePin
                0x000000000800346c       0x32 ./Drivers/STM32H7xx_HAL_Driver/Src/stm32h7xx_hal_gpio.o
                0x000000000800346c                HAL_GPIO_WritePin
 .text.HAL_GPIO_TogglePin
                0x000000000800349e       0x34 ./Drivers/STM32H7xx_HAL_Driver/Src/stm32h7xx_hal_gpio.o
                0x000000000800349e                HAL_GPIO_TogglePin
 .text.HAL_GPIO_EXTI_IRQHandler
                0x00000000080034d2       0x34 ./Drivers/STM32H7xx_HAL_Driver/Src/stm32h7xx_hal_gpio.o
                0x00000000080034d2                HAL_GPIO_EXTI_IRQHandler
 *fill*         0x0000000008003506        0x2 
 .text.HAL_I2C_Init
                0x0000000008003508      0x120 ./Drivers/STM32H7xx_HAL_Driver/Src/stm32h7xx_hal_i2c.o
                0x0000000008003508                HAL_I2C_Init
 .text.HAL_I2C_Master_Transmit
                0x0000000008003628      0x1e8 ./Drivers/STM32H7xx_HAL_Driver/Src/stm32h7xx_hal_i2c.o
                0x0000000008003628                HAL_I2C_Master_Transmit
 .text.HAL_I2C_Master_Receive
                0x0000000008003810      0x1ec ./Drivers/STM32H7xx_HAL_Driver/Src/stm32h7xx_hal_i2c.o
                0x0000000008003810                HAL_I2C_Master_Receive
 .text.I2C_Flush_TXDR
                0x00000000080039fc       0x48 ./Drivers/STM32H7xx_HAL_Driver/Src/stm32h7xx_hal_i2c.o
 .text.I2C_WaitOnFlagUntilTimeout
                0x0000000008003a44       0x80 ./Drivers/STM32H7xx_HAL_Driver/Src/stm32h7xx_hal_i2c.o
 .text.I2C_WaitOnTXISFlagUntilTimeout
                0x0000000008003ac4       0x80 ./Drivers/STM32H7xx_HAL_Driver/Src/stm32h7xx_hal_i2c.o
 .text.I2C_WaitOnSTOPFlagUntilTimeout
                0x0000000008003b44       0x78 ./Drivers/STM32H7xx_HAL_Driver/Src/stm32h7xx_hal_i2c.o
 .text.I2C_WaitOnRXNEFlagUntilTimeout
                0x0000000008003bbc       0xf4 ./Drivers/STM32H7xx_HAL_Driver/Src/stm32h7xx_hal_i2c.o
 .text.I2C_IsErrorOccurred
                0x0000000008003cb0      0x1d8 ./Drivers/STM32H7xx_HAL_Driver/Src/stm32h7xx_hal_i2c.o
 .text.I2C_TransferConfig
                0x0000000008003e88       0x64 ./Drivers/STM32H7xx_HAL_Driver/Src/stm32h7xx_hal_i2c.o
 .text.HAL_I2CEx_ConfigAnalogFilter
                0x0000000008003eec       0x96 ./Drivers/STM32H7xx_HAL_Driver/Src/stm32h7xx_hal_i2c_ex.o
                0x0000000008003eec                HAL_I2CEx_ConfigAnalogFilter
 .text.HAL_I2CEx_ConfigDigitalFilter
                0x0000000008003f82       0x98 ./Drivers/STM32H7xx_HAL_Driver/Src/stm32h7xx_hal_i2c_ex.o
                0x0000000008003f82                HAL_I2CEx_ConfigDigitalFilter
 *fill*         0x000000000800401a        0x2 
 .text.HAL_PWREx_ConfigSupply
                0x000000000800401c       0xb4 ./Drivers/STM32H7xx_HAL_Driver/Src/stm32h7xx_hal_pwr_ex.o
                0x000000000800401c                HAL_PWREx_ConfigSupply
 .text.HAL_RCC_OscConfig
                0x00000000080040d0      0x808 ./Drivers/STM32H7xx_HAL_Driver/Src/stm32h7xx_hal_rcc.o
                0x00000000080040d0                HAL_RCC_OscConfig
 .text.HAL_RCC_ClockConfig
                0x00000000080048d8      0x36c ./Drivers/STM32H7xx_HAL_Driver/Src/stm32h7xx_hal_rcc.o
                0x00000000080048d8                HAL_RCC_ClockConfig
 .text.HAL_RCC_GetSysClockFreq
                0x0000000008004c44      0x2f4 ./Drivers/STM32H7xx_HAL_Driver/Src/stm32h7xx_hal_rcc.o
                0x0000000008004c44                HAL_RCC_GetSysClockFreq
 .text.HAL_RCC_GetHCLKFreq
                0x0000000008004f38       0x60 ./Drivers/STM32H7xx_HAL_Driver/Src/stm32h7xx_hal_rcc.o
                0x0000000008004f38                HAL_RCC_GetHCLKFreq
 .text.HAL_RCC_GetPCLK1Freq
                0x0000000008004f98       0x2c ./Drivers/STM32H7xx_HAL_Driver/Src/stm32h7xx_hal_rcc.o
                0x0000000008004f98                HAL_RCC_GetPCLK1Freq
 .text.HAL_RCC_GetPCLK2Freq
                0x0000000008004fc4       0x2c ./Drivers/STM32H7xx_HAL_Driver/Src/stm32h7xx_hal_rcc.o
                0x0000000008004fc4                HAL_RCC_GetPCLK2Freq
 .text.HAL_RCC_GetClockConfig
                0x0000000008004ff0       0x84 ./Drivers/STM32H7xx_HAL_Driver/Src/stm32h7xx_hal_rcc.o
                0x0000000008004ff0                HAL_RCC_GetClockConfig
 .text.HAL_RCCEx_PeriphCLKConfig
                0x0000000008005074      0xe18 ./Drivers/STM32H7xx_HAL_Driver/Src/stm32h7xx_hal_rcc_ex.o
                0x0000000008005074                HAL_RCCEx_PeriphCLKConfig
 .text.HAL_RCCEx_GetD3PCLK1Freq
                0x0000000008005e8c       0x2c ./Drivers/STM32H7xx_HAL_Driver/Src/stm32h7xx_hal_rcc_ex.o
                0x0000000008005e8c                HAL_RCCEx_GetD3PCLK1Freq
 .text.HAL_RCCEx_GetPLL2ClockFreq
                0x0000000008005eb8      0x2a8 ./Drivers/STM32H7xx_HAL_Driver/Src/stm32h7xx_hal_rcc_ex.o
                0x0000000008005eb8                HAL_RCCEx_GetPLL2ClockFreq
 .text.HAL_RCCEx_GetPLL3ClockFreq
                0x0000000008006160      0x2a8 ./Drivers/STM32H7xx_HAL_Driver/Src/stm32h7xx_hal_rcc_ex.o
                0x0000000008006160                HAL_RCCEx_GetPLL3ClockFreq
 .text.RCCEx_PLL2_Config
                0x0000000008006408      0x164 ./Drivers/STM32H7xx_HAL_Driver/Src/stm32h7xx_hal_rcc_ex.o
 .text.RCCEx_PLL3_Config
                0x000000000800656c      0x164 ./Drivers/STM32H7xx_HAL_Driver/Src/stm32h7xx_hal_rcc_ex.o
 .text.HAL_TIM_Base_Init
                0x00000000080066d0       0xae ./Drivers/STM32H7xx_HAL_Driver/Src/stm32h7xx_hal_tim.o
                0x00000000080066d0                HAL_TIM_Base_Init
 *fill*         0x000000000800677e        0x2 
 .text.HAL_TIM_Base_Start
                0x0000000008006780       0xe0 ./Drivers/STM32H7xx_HAL_Driver/Src/stm32h7xx_hal_tim.o
                0x0000000008006780                HAL_TIM_Base_Start
 .text.HAL_TIM_Base_Start_IT
                0x0000000008006860       0xf0 ./Drivers/STM32H7xx_HAL_Driver/Src/stm32h7xx_hal_tim.o
                0x0000000008006860                HAL_TIM_Base_Start_IT
 .text.HAL_TIM_PWM_Init
                0x0000000008006950       0xae ./Drivers/STM32H7xx_HAL_Driver/Src/stm32h7xx_hal_tim.o
                0x0000000008006950                HAL_TIM_PWM_Init
 .text.HAL_TIM_PWM_MspInit
                0x00000000080069fe       0x14 ./Drivers/STM32H7xx_HAL_Driver/Src/stm32h7xx_hal_tim.o
                0x00000000080069fe                HAL_TIM_PWM_MspInit
 *fill*         0x0000000008006a12        0x2 
 .text.HAL_TIM_PWM_Start
                0x0000000008006a14      0x21c ./Drivers/STM32H7xx_HAL_Driver/Src/stm32h7xx_hal_tim.o
                0x0000000008006a14                HAL_TIM_PWM_Start
 .text.HAL_TIM_IC_Init
                0x0000000008006c30       0xae ./Drivers/STM32H7xx_HAL_Driver/Src/stm32h7xx_hal_tim.o
                0x0000000008006c30                HAL_TIM_IC_Init
 .text.HAL_TIM_IC_MspInit
                0x0000000008006cde       0x14 ./Drivers/STM32H7xx_HAL_Driver/Src/stm32h7xx_hal_tim.o
                0x0000000008006cde                HAL_TIM_IC_MspInit
 *fill*         0x0000000008006cf2        0x2 
 .text.HAL_TIM_IC_Start_IT
                0x0000000008006cf4      0x2a0 ./Drivers/STM32H7xx_HAL_Driver/Src/stm32h7xx_hal_tim.o
                0x0000000008006cf4                HAL_TIM_IC_Start_IT
 .text.HAL_TIM_IRQHandler
                0x0000000008006f94      0x23e ./Drivers/STM32H7xx_HAL_Driver/Src/stm32h7xx_hal_tim.o
                0x0000000008006f94                HAL_TIM_IRQHandler
 .text.HAL_TIM_IC_ConfigChannel
                0x00000000080071d2      0x138 ./Drivers/STM32H7xx_HAL_Driver/Src/stm32h7xx_hal_tim.o
                0x00000000080071d2                HAL_TIM_IC_ConfigChannel
 *fill*         0x000000000800730a        0x2 
 .text.HAL_TIM_PWM_ConfigChannel
                0x000000000800730c      0x228 ./Drivers/STM32H7xx_HAL_Driver/Src/stm32h7xx_hal_tim.o
                0x000000000800730c                HAL_TIM_PWM_ConfigChannel
 .text.HAL_TIM_ConfigClockSource
                0x0000000008007534      0x1f0 ./Drivers/STM32H7xx_HAL_Driver/Src/stm32h7xx_hal_tim.o
                0x0000000008007534                HAL_TIM_ConfigClockSource
 .text.HAL_TIM_ReadCapturedValue
                0x0000000008007724       0x88 ./Drivers/STM32H7xx_HAL_Driver/Src/stm32h7xx_hal_tim.o
                0x0000000008007724                HAL_TIM_ReadCapturedValue
 .text.HAL_TIM_OC_DelayElapsedCallback
                0x00000000080077ac       0x14 ./Drivers/STM32H7xx_HAL_Driver/Src/stm32h7xx_hal_tim.o
                0x00000000080077ac                HAL_TIM_OC_DelayElapsedCallback
 .text.HAL_TIM_PWM_PulseFinishedCallback
                0x00000000080077c0       0x14 ./Drivers/STM32H7xx_HAL_Driver/Src/stm32h7xx_hal_tim.o
                0x00000000080077c0                HAL_TIM_PWM_PulseFinishedCallback
 .text.HAL_TIM_TriggerCallback
                0x00000000080077d4       0x14 ./Drivers/STM32H7xx_HAL_Driver/Src/stm32h7xx_hal_tim.o
                0x00000000080077d4                HAL_TIM_TriggerCallback
 .text.TIM_Base_SetConfig
                0x00000000080077e8      0x134 ./Drivers/STM32H7xx_HAL_Driver/Src/stm32h7xx_hal_tim.o
                0x00000000080077e8                TIM_Base_SetConfig
 .text.TIM_OC1_SetConfig
                0x000000000800791c      0x120 ./Drivers/STM32H7xx_HAL_Driver/Src/stm32h7xx_hal_tim.o
 .text.TIM_OC2_SetConfig
                0x0000000008007a3c      0x114 ./Drivers/STM32H7xx_HAL_Driver/Src/stm32h7xx_hal_tim.o
                0x0000000008007a3c                TIM_OC2_SetConfig
 .text.TIM_OC3_SetConfig
                0x0000000008007b50      0x110 ./Drivers/STM32H7xx_HAL_Driver/Src/stm32h7xx_hal_tim.o
 .text.TIM_OC4_SetConfig
                0x0000000008007c60       0xd4 ./Drivers/STM32H7xx_HAL_Driver/Src/stm32h7xx_hal_tim.o
 .text.TIM_OC5_SetConfig
                0x0000000008007d34       0xc8 ./Drivers/STM32H7xx_HAL_Driver/Src/stm32h7xx_hal_tim.o
 .text.TIM_OC6_SetConfig
                0x0000000008007dfc       0xcc ./Drivers/STM32H7xx_HAL_Driver/Src/stm32h7xx_hal_tim.o
 .text.TIM_TI1_SetConfig
                0x0000000008007ec8       0xe8 ./Drivers/STM32H7xx_HAL_Driver/Src/stm32h7xx_hal_tim.o
                0x0000000008007ec8                TIM_TI1_SetConfig
 .text.TIM_TI1_ConfigInputStage
                0x0000000008007fb0       0x5e ./Drivers/STM32H7xx_HAL_Driver/Src/stm32h7xx_hal_tim.o
 .text.TIM_TI2_SetConfig
                0x000000000800800e       0x7a ./Drivers/STM32H7xx_HAL_Driver/Src/stm32h7xx_hal_tim.o
 .text.TIM_TI2_ConfigInputStage
                0x0000000008008088       0x60 ./Drivers/STM32H7xx_HAL_Driver/Src/stm32h7xx_hal_tim.o
 .text.TIM_TI3_SetConfig
                0x00000000080080e8       0x78 ./Drivers/STM32H7xx_HAL_Driver/Src/stm32h7xx_hal_tim.o
 .text.TIM_TI4_SetConfig
                0x0000000008008160       0x7a ./Drivers/STM32H7xx_HAL_Driver/Src/stm32h7xx_hal_tim.o
 *fill*         0x00000000080081da        0x2 
 .text.TIM_ITRx_SetConfig
                0x00000000080081dc       0x3c ./Drivers/STM32H7xx_HAL_Driver/Src/stm32h7xx_hal_tim.o
 .text.TIM_ETR_SetConfig
                0x0000000008008218       0x40 ./Drivers/STM32H7xx_HAL_Driver/Src/stm32h7xx_hal_tim.o
                0x0000000008008218                TIM_ETR_SetConfig
 .text.TIM_CCxChannelCmd
                0x0000000008008258       0x4a ./Drivers/STM32H7xx_HAL_Driver/Src/stm32h7xx_hal_tim.o
                0x0000000008008258                TIM_CCxChannelCmd
 *fill*         0x00000000080082a2        0x2 
 .text.HAL_TIMEx_MasterConfigSynchronization
                0x00000000080082a4      0x11c ./Drivers/STM32H7xx_HAL_Driver/Src/stm32h7xx_hal_tim_ex.o
                0x00000000080082a4                HAL_TIMEx_MasterConfigSynchronization
 .text.HAL_TIMEx_ConfigBreakDeadTime
                0x00000000080083c0      0x140 ./Drivers/STM32H7xx_HAL_Driver/Src/stm32h7xx_hal_tim_ex.o
                0x00000000080083c0                HAL_TIMEx_ConfigBreakDeadTime
 .text.HAL_TIMEx_CommutCallback
                0x0000000008008500       0x14 ./Drivers/STM32H7xx_HAL_Driver/Src/stm32h7xx_hal_tim_ex.o
                0x0000000008008500                HAL_TIMEx_CommutCallback
 .text.HAL_TIMEx_BreakCallback
                0x0000000008008514       0x14 ./Drivers/STM32H7xx_HAL_Driver/Src/stm32h7xx_hal_tim_ex.o
                0x0000000008008514                HAL_TIMEx_BreakCallback
 .text.HAL_TIMEx_Break2Callback
                0x0000000008008528       0x14 ./Drivers/STM32H7xx_HAL_Driver/Src/stm32h7xx_hal_tim_ex.o
                0x0000000008008528                HAL_TIMEx_Break2Callback
 .text.HAL_UART_Init
                0x000000000800853c       0xa0 ./Drivers/STM32H7xx_HAL_Driver/Src/stm32h7xx_hal_uart.o
                0x000000000800853c                HAL_UART_Init
 .text.UART_SetConfig
                0x00000000080085dc      0xcbc ./Drivers/STM32H7xx_HAL_Driver/Src/stm32h7xx_hal_uart.o
                0x00000000080085dc                UART_SetConfig
 .text.UART_AdvFeatureConfig
                0x0000000008009298      0x144 ./Drivers/STM32H7xx_HAL_Driver/Src/stm32h7xx_hal_uart.o
                0x0000000008009298                UART_AdvFeatureConfig
 .text.UART_CheckIdleState
                0x00000000080093dc       0x96 ./Drivers/STM32H7xx_HAL_Driver/Src/stm32h7xx_hal_uart.o
                0x00000000080093dc                UART_CheckIdleState
 .text.UART_WaitOnFlagUntilTimeout
                0x0000000008009472      0x190 ./Drivers/STM32H7xx_HAL_Driver/Src/stm32h7xx_hal_uart.o
                0x0000000008009472                UART_WaitOnFlagUntilTimeout
 .text.HAL_UARTEx_DisableFifoMode
                0x0000000008009602       0x72 ./Drivers/STM32H7xx_HAL_Driver/Src/stm32h7xx_hal_uart_ex.o
                0x0000000008009602                HAL_UARTEx_DisableFifoMode
 .text.HAL_UARTEx_SetTxFifoThreshold
                0x0000000008009674       0x7c ./Drivers/STM32H7xx_HAL_Driver/Src/stm32h7xx_hal_uart_ex.o
                0x0000000008009674                HAL_UARTEx_SetTxFifoThreshold
 .text.HAL_UARTEx_SetRxFifoThreshold
                0x00000000080096f0       0x7c ./Drivers/STM32H7xx_HAL_Driver/Src/stm32h7xx_hal_uart_ex.o
                0x00000000080096f0                HAL_UARTEx_SetRxFifoThreshold
 .text.UARTEx_SetNbDataToProcess
                0x000000000800976c       0x9c ./Drivers/STM32H7xx_HAL_Driver/Src/stm32h7xx_hal_uart_ex.o
 .text.__NVIC_SetPriority
                0x0000000008009808       0x54 ./Middlewares/Third_Party/FreeRTOS/Source/CMSIS_RTOS_V2/cmsis_os2.o
 .text.SysTick_Handler
                0x000000000800985c       0x20 ./Middlewares/Third_Party/FreeRTOS/Source/CMSIS_RTOS_V2/cmsis_os2.o
                0x000000000800985c                SysTick_Handler
 .text.SVC_Setup
                0x000000000800987c       0x12 ./Middlewares/Third_Party/FreeRTOS/Source/CMSIS_RTOS_V2/cmsis_os2.o
 *fill*         0x000000000800988e        0x2 
 .text.osKernelInitialize
                0x0000000008009890       0x48 ./Middlewares/Third_Party/FreeRTOS/Source/CMSIS_RTOS_V2/cmsis_os2.o
                0x0000000008009890                osKernelInitialize
 .text.osKernelStart
                0x00000000080098d8       0x4c ./Middlewares/Third_Party/FreeRTOS/Source/CMSIS_RTOS_V2/cmsis_os2.o
                0x00000000080098d8                osKernelStart
 .text.osThreadNew
                0x0000000008009924      0x124 ./Middlewares/Third_Party/FreeRTOS/Source/CMSIS_RTOS_V2/cmsis_os2.o
                0x0000000008009924                osThreadNew
 .text.osDelay  0x0000000008009a48       0x36 ./Middlewares/Third_Party/FreeRTOS/Source/CMSIS_RTOS_V2/cmsis_os2.o
                0x0000000008009a48                osDelay
 *fill*         0x0000000008009a7e        0x2 
 .text.vApplicationGetIdleTaskMemory
                0x0000000008009a80       0x34 ./Middlewares/Third_Party/FreeRTOS/Source/CMSIS_RTOS_V2/cmsis_os2.o
                0x0000000008009a80                vApplicationGetIdleTaskMemory
 .text.vApplicationGetTimerTaskMemory
                0x0000000008009ab4       0x34 ./Middlewares/Third_Party/FreeRTOS/Source/CMSIS_RTOS_V2/cmsis_os2.o
                0x0000000008009ab4                vApplicationGetTimerTaskMemory
 .text.vListInitialise
                0x0000000008009ae8       0x40 ./Middlewares/Third_Party/FreeRTOS/Source/list.o
                0x0000000008009ae8                vListInitialise
 .text.vListInitialiseItem
                0x0000000008009b28       0x1a ./Middlewares/Third_Party/FreeRTOS/Source/list.o
                0x0000000008009b28                vListInitialiseItem
 .text.vListInsertEnd
                0x0000000008009b42       0x48 ./Middlewares/Third_Party/FreeRTOS/Source/list.o
                0x0000000008009b42                vListInsertEnd
 .text.vListInsert
                0x0000000008009b8a       0x72 ./Middlewares/Third_Party/FreeRTOS/Source/list.o
                0x0000000008009b8a                vListInsert
 .text.uxListRemove
                0x0000000008009bfc       0x54 ./Middlewares/Third_Party/FreeRTOS/Source/list.o
                0x0000000008009bfc                uxListRemove
 .text.xQueueGenericReset
                0x0000000008009c50       0xd0 ./Middlewares/Third_Party/FreeRTOS/Source/queue.o
                0x0000000008009c50                xQueueGenericReset
 .text.xQueueGenericCreateStatic
                0x0000000008009d20       0xf0 ./Middlewares/Third_Party/FreeRTOS/Source/queue.o
                0x0000000008009d20                xQueueGenericCreateStatic
 .text.prvInitialiseNewQueue
                0x0000000008009e10       0x46 ./Middlewares/Third_Party/FreeRTOS/Source/queue.o
 *fill*         0x0000000008009e56        0x2 
 .text.xQueueGenericSend
                0x0000000008009e58      0x1fc ./Middlewares/Third_Party/FreeRTOS/Source/queue.o
                0x0000000008009e58                xQueueGenericSend
 .text.xQueueGenericSendFromISR
                0x000000000800a054      0x136 ./Middlewares/Third_Party/FreeRTOS/Source/queue.o
                0x000000000800a054                xQueueGenericSendFromISR
 *fill*         0x000000000800a18a        0x2 
 .text.xQueueReceive
                0x000000000800a18c      0x1c0 ./Middlewares/Third_Party/FreeRTOS/Source/queue.o
                0x000000000800a18c                xQueueReceive
 .text.prvCopyDataToQueue
                0x000000000800a34c       0xd4 ./Middlewares/Third_Party/FreeRTOS/Source/queue.o
 .text.prvCopyDataFromQueue
                0x000000000800a420       0x4c ./Middlewares/Third_Party/FreeRTOS/Source/queue.o
 .text.prvUnlockQueue
                0x000000000800a46c       0xa4 ./Middlewares/Third_Party/FreeRTOS/Source/queue.o
 .text.prvIsQueueEmpty
                0x000000000800a510       0x2c ./Middlewares/Third_Party/FreeRTOS/Source/queue.o
 .text.prvIsQueueFull
                0x000000000800a53c       0x30 ./Middlewares/Third_Party/FreeRTOS/Source/queue.o
 .text.vQueueAddToRegistry
                0x000000000800a56c       0x54 ./Middlewares/Third_Party/FreeRTOS/Source/queue.o
                0x000000000800a56c                vQueueAddToRegistry
 .text.vQueueWaitForMessageRestricted
                0x000000000800a5c0       0x68 ./Middlewares/Third_Party/FreeRTOS/Source/queue.o
                0x000000000800a5c0                vQueueWaitForMessageRestricted
 .text.xTaskCreateStatic
                0x000000000800a628       0xba ./Middlewares/Third_Party/FreeRTOS/Source/tasks.o
                0x000000000800a628                xTaskCreateStatic
 .text.xTaskCreate
                0x000000000800a6e2       0x8a ./Middlewares/Third_Party/FreeRTOS/Source/tasks.o
                0x000000000800a6e2                xTaskCreate
 .text.prvInitialiseNewTask
                0x000000000800a76c      0x14c ./Middlewares/Third_Party/FreeRTOS/Source/tasks.o
 .text.prvAddNewTaskToReadyList
                0x000000000800a8b8       0xe0 ./Middlewares/Third_Party/FreeRTOS/Source/tasks.o
 .text.vTaskDelay
                0x000000000800a998       0x68 ./Middlewares/Third_Party/FreeRTOS/Source/tasks.o
                0x000000000800a998                vTaskDelay
 .text.vTaskStartScheduler
                0x000000000800aa00       0xe0 ./Middlewares/Third_Party/FreeRTOS/Source/tasks.o
                0x000000000800aa00                vTaskStartScheduler
 .text.vTaskSuspendAll
                0x000000000800aae0       0x1c ./Middlewares/Third_Party/FreeRTOS/Source/tasks.o
                0x000000000800aae0                vTaskSuspendAll
 .text.xTaskResumeAll
                0x000000000800aafc      0x13c ./Middlewares/Third_Party/FreeRTOS/Source/tasks.o
                0x000000000800aafc                xTaskResumeAll
 .text.xTaskGetTickCount
                0x000000000800ac38       0x20 ./Middlewares/Third_Party/FreeRTOS/Source/tasks.o
                0x000000000800ac38                xTaskGetTickCount
 .text.xTaskIncrementTick
                0x000000000800ac58      0x174 ./Middlewares/Third_Party/FreeRTOS/Source/tasks.o
                0x000000000800ac58                xTaskIncrementTick
 .text.vTaskSwitchContext
                0x000000000800adcc       0xc8 ./Middlewares/Third_Party/FreeRTOS/Source/tasks.o
                0x000000000800adcc                vTaskSwitchContext
 .text.vTaskPlaceOnEventList
                0x000000000800ae94       0x48 ./Middlewares/Third_Party/FreeRTOS/Source/tasks.o
                0x000000000800ae94                vTaskPlaceOnEventList
 .text.vTaskPlaceOnEventListRestricted
                0x000000000800aedc       0x58 ./Middlewares/Third_Party/FreeRTOS/Source/tasks.o
                0x000000000800aedc                vTaskPlaceOnEventListRestricted
 .text.xTaskRemoveFromEventList
                0x000000000800af34       0xc8 ./Middlewares/Third_Party/FreeRTOS/Source/tasks.o
                0x000000000800af34                xTaskRemoveFromEventList
 .text.vTaskInternalSetTimeOutState
                0x000000000800affc       0x2c ./Middlewares/Third_Party/FreeRTOS/Source/tasks.o
                0x000000000800affc                vTaskInternalSetTimeOutState
 .text.xTaskCheckForTimeOut
                0x000000000800b028       0xc4 ./Middlewares/Third_Party/FreeRTOS/Source/tasks.o
                0x000000000800b028                xTaskCheckForTimeOut
 .text.vTaskMissedYield
                0x000000000800b0ec       0x18 ./Middlewares/Third_Party/FreeRTOS/Source/tasks.o
                0x000000000800b0ec                vTaskMissedYield
 .text.prvIdleTask
                0x000000000800b104       0x30 ./Middlewares/Third_Party/FreeRTOS/Source/tasks.o
 .text.prvInitialiseTaskLists
                0x000000000800b134       0x80 ./Middlewares/Third_Party/FreeRTOS/Source/tasks.o
 .text.prvCheckTasksWaitingTermination
                0x000000000800b1b4       0x5c ./Middlewares/Third_Party/FreeRTOS/Source/tasks.o
 .text.prvDeleteTCB
                0x000000000800b210       0x68 ./Middlewares/Third_Party/FreeRTOS/Source/tasks.o
 .text.prvResetNextTaskUnblockTime
                0x000000000800b278       0x40 ./Middlewares/Third_Party/FreeRTOS/Source/tasks.o
 .text.xTaskGetSchedulerState
                0x000000000800b2b8       0x3c ./Middlewares/Third_Party/FreeRTOS/Source/tasks.o
                0x000000000800b2b8                xTaskGetSchedulerState
 .text.xTaskPriorityDisinherit
                0x000000000800b2f4       0xdc ./Middlewares/Third_Party/FreeRTOS/Source/tasks.o
                0x000000000800b2f4                xTaskPriorityDisinherit
 .text.prvAddCurrentTaskToDelayedList
                0x000000000800b3d0       0xa8 ./Middlewares/Third_Party/FreeRTOS/Source/tasks.o
 .text.xTimerCreateTimerTask
                0x000000000800b478       0x90 ./Middlewares/Third_Party/FreeRTOS/Source/timers.o
                0x000000000800b478                xTimerCreateTimerTask
 .text.xTimerGenericCommand
                0x000000000800b508       0x9c ./Middlewares/Third_Party/FreeRTOS/Source/timers.o
                0x000000000800b508                xTimerGenericCommand
 .text.prvProcessExpiredTimer
                0x000000000800b5a4       0x98 ./Middlewares/Third_Party/FreeRTOS/Source/timers.o
 .text.prvTimerTask
                0x000000000800b63c       0x24 ./Middlewares/Third_Party/FreeRTOS/Source/timers.o
 .text.prvProcessTimerOrBlockTask
                0x000000000800b660       0x9c ./Middlewares/Third_Party/FreeRTOS/Source/timers.o
 .text.prvGetNextExpireTime
                0x000000000800b6fc       0x48 ./Middlewares/Third_Party/FreeRTOS/Source/timers.o
 .text.prvSampleTimeNow
                0x000000000800b744       0x40 ./Middlewares/Third_Party/FreeRTOS/Source/timers.o
 .text.prvInsertTimerInActiveList
                0x000000000800b784       0x84 ./Middlewares/Third_Party/FreeRTOS/Source/timers.o
 .text.prvProcessReceivedCommands
                0x000000000800b808      0x1c4 ./Middlewares/Third_Party/FreeRTOS/Source/timers.o
 .text.prvSwitchTimerLists
                0x000000000800b9cc       0xc8 ./Middlewares/Third_Party/FreeRTOS/Source/timers.o
 .text.prvCheckForValidListAndQueue
                0x000000000800ba94       0x80 ./Middlewares/Third_Party/FreeRTOS/Source/timers.o
 .text.pxPortInitialiseStack
                0x000000000800bb14       0x68 ./Middlewares/Third_Party/FreeRTOS/Source/portable/GCC/ARM_CM4F/port.o
                0x000000000800bb14                pxPortInitialiseStack
 .text.prvTaskExitError
                0x000000000800bb7c       0x58 ./Middlewares/Third_Party/FreeRTOS/Source/portable/GCC/ARM_CM4F/port.o
 *fill*         0x000000000800bbd4        0xc 
 .text.SVC_Handler
                0x000000000800bbe0       0x28 ./Middlewares/Third_Party/FreeRTOS/Source/portable/GCC/ARM_CM4F/port.o
                0x000000000800bbe0                SVC_Handler
 .text.prvPortStartFirstTask
                0x000000000800bc08       0x28 ./Middlewares/Third_Party/FreeRTOS/Source/portable/GCC/ARM_CM4F/port.o
 .text.xPortStartScheduler
                0x000000000800bc30      0x144 ./Middlewares/Third_Party/FreeRTOS/Source/portable/GCC/ARM_CM4F/port.o
                0x000000000800bc30                xPortStartScheduler
 .text.vPortEnterCritical
                0x000000000800bd74       0x60 ./Middlewares/Third_Party/FreeRTOS/Source/portable/GCC/ARM_CM4F/port.o
                0x000000000800bd74                vPortEnterCritical
 .text.vPortExitCritical
                0x000000000800bdd4       0x54 ./Middlewares/Third_Party/FreeRTOS/Source/portable/GCC/ARM_CM4F/port.o
                0x000000000800bdd4                vPortExitCritical
 *fill*         0x000000000800be28        0x8 
 .text.PendSV_Handler
                0x000000000800be30       0x68 ./Middlewares/Third_Party/FreeRTOS/Source/portable/GCC/ARM_CM4F/port.o
                0x000000000800be30                PendSV_Handler
 .text.xPortSysTickHandler
                0x000000000800be98       0x44 ./Middlewares/Third_Party/FreeRTOS/Source/portable/GCC/ARM_CM4F/port.o
                0x000000000800be98                xPortSysTickHandler
 .text.vPortSetupTimerInterrupt
                0x000000000800bedc       0x48 ./Middlewares/Third_Party/FreeRTOS/Source/portable/GCC/ARM_CM4F/port.o
                0x000000000800bedc                vPortSetupTimerInterrupt
 .text.vPortEnableVFP
                0x000000000800bf24       0x14 ./Middlewares/Third_Party/FreeRTOS/Source/portable/GCC/ARM_CM4F/port.o
 .text.vPortValidateInterruptPriority
                0x000000000800bf38       0x80 ./Middlewares/Third_Party/FreeRTOS/Source/portable/GCC/ARM_CM4F/port.o
                0x000000000800bf38                vPortValidateInterruptPriority
 .text.pvPortMalloc
                0x000000000800bfb8      0x198 ./Middlewares/Third_Party/FreeRTOS/Source/portable/MemMang/heap_4.o
                0x000000000800bfb8                pvPortMalloc
 .text.vPortFree
                0x000000000800c150       0xc4 ./Middlewares/Third_Party/FreeRTOS/Source/portable/MemMang/heap_4.o
                0x000000000800c150                vPortFree
 .text.prvHeapInit
                0x000000000800c214       0xc4 ./Middlewares/Third_Party/FreeRTOS/Source/portable/MemMang/heap_4.o
 .text.prvInsertBlockIntoFreeList
                0x000000000800c2d8       0xb4 ./Middlewares/Third_Party/FreeRTOS/Source/portable/MemMang/heap_4.o
 .text.__libc_init_array
                0x000000000800c38c       0x48 c:/st/stm32cubeide_1.8.0/stm32cubeide/plugins/com.st.stm32cube.ide.mcu.externaltools.gnu-tools-for-stm32.9-2020-q2-update.win32_2.0.0.202105311346/tools/bin/../lib/gcc/arm-none-eabi/9.3.1/../../../../arm-none-eabi/lib/thumb/v7e-m+dp/hard\libc_nano.a(lib_a-init.o)
                0x000000000800c38c                __libc_init_array
 .text.__retarget_lock_acquire_recursive
                0x000000000800c3d4        0x2 c:/st/stm32cubeide_1.8.0/stm32cubeide/plugins/com.st.stm32cube.ide.mcu.externaltools.gnu-tools-for-stm32.9-2020-q2-update.win32_2.0.0.202105311346/tools/bin/../lib/gcc/arm-none-eabi/9.3.1/../../../../arm-none-eabi/lib/thumb/v7e-m+dp/hard\libc_nano.a(lib_a-lock.o)
                0x000000000800c3d4                __retarget_lock_acquire_recursive
 .text.__retarget_lock_release_recursive
                0x000000000800c3d6        0x2 c:/st/stm32cubeide_1.8.0/stm32cubeide/plugins/com.st.stm32cube.ide.mcu.externaltools.gnu-tools-for-stm32.9-2020-q2-update.win32_2.0.0.202105311346/tools/bin/../lib/gcc/arm-none-eabi/9.3.1/../../../../arm-none-eabi/lib/thumb/v7e-m+dp/hard\libc_nano.a(lib_a-lock.o)
                0x000000000800c3d6                __retarget_lock_release_recursive
 .text.memcpy   0x000000000800c3d8       0x1c c:/st/stm32cubeide_1.8.0/stm32cubeide/plugins/com.st.stm32cube.ide.mcu.externaltools.gnu-tools-for-stm32.9-2020-q2-update.win32_2.0.0.202105311346/tools/bin/../lib/gcc/arm-none-eabi/9.3.1/../../../../arm-none-eabi/lib/thumb/v7e-m+dp/hard\libc_nano.a(lib_a-memcpy-stub.o)
                0x000000000800c3d8                memcpy
 .text.memset   0x000000000800c3f4       0x10 c:/st/stm32cubeide_1.8.0/stm32cubeide/plugins/com.st.stm32cube.ide.mcu.externaltools.gnu-tools-for-stm32.9-2020-q2-update.win32_2.0.0.202105311346/tools/bin/../lib/gcc/arm-none-eabi/9.3.1/../../../../arm-none-eabi/lib/thumb/v7e-m+dp/hard\libc_nano.a(lib_a-memset.o)
                0x000000000800c3f4                memset
 .text.cleanup_glue
                0x000000000800c404       0x1a c:/st/stm32cubeide_1.8.0/stm32cubeide/plugins/com.st.stm32cube.ide.mcu.externaltools.gnu-tools-for-stm32.9-2020-q2-update.win32_2.0.0.202105311346/tools/bin/../lib/gcc/arm-none-eabi/9.3.1/../../../../arm-none-eabi/lib/thumb/v7e-m+dp/hard\libc_nano.a(lib_a-reent.o)
                0x000000000800c404                cleanup_glue
 *fill*         0x000000000800c41e        0x2 
 .text._reclaim_reent
                0x000000000800c420       0xb8 c:/st/stm32cubeide_1.8.0/stm32cubeide/plugins/com.st.stm32cube.ide.mcu.externaltools.gnu-tools-for-stm32.9-2020-q2-update.win32_2.0.0.202105311346/tools/bin/../lib/gcc/arm-none-eabi/9.3.1/../../../../arm-none-eabi/lib/thumb/v7e-m+dp/hard\libc_nano.a(lib_a-reent.o)
                0x000000000800c420                _reclaim_reent
 .text.__malloc_lock
                0x000000000800c4d8        0xc c:/st/stm32cubeide_1.8.0/stm32cubeide/plugins/com.st.stm32cube.ide.mcu.externaltools.gnu-tools-for-stm32.9-2020-q2-update.win32_2.0.0.202105311346/tools/bin/../lib/gcc/arm-none-eabi/9.3.1/../../../../arm-none-eabi/lib/thumb/v7e-m+dp/hard\libc_nano.a(lib_a-mlock.o)
                0x000000000800c4d8                __malloc_lock
 .text.__malloc_unlock
                0x000000000800c4e4        0xc c:/st/stm32cubeide_1.8.0/stm32cubeide/plugins/com.st.stm32cube.ide.mcu.externaltools.gnu-tools-for-stm32.9-2020-q2-update.win32_2.0.0.202105311346/tools/bin/../lib/gcc/arm-none-eabi/9.3.1/../../../../arm-none-eabi/lib/thumb/v7e-m+dp/hard\libc_nano.a(lib_a-mlock.o)
                0x000000000800c4e4                __malloc_unlock
 .text._free_r  0x000000000800c4f0       0xa0 c:/st/stm32cubeide_1.8.0/stm32cubeide/plugins/com.st.stm32cube.ide.mcu.externaltools.gnu-tools-for-stm32.9-2020-q2-update.win32_2.0.0.202105311346/tools/bin/../lib/gcc/arm-none-eabi/9.3.1/../../../../arm-none-eabi/lib/thumb/v7e-m+dp/hard\libc_nano.a(lib_a-nano-freer.o)
                0x000000000800c4f0                _free_r
 *(.glue_7)
 .glue_7        0x000000000800c590        0x0 linker stubs
 *(.glue_7t)
 .glue_7t       0x000000000800c590        0x0 linker stubs
 *(.eh_frame)
 .eh_frame      0x000000000800c590        0x0 c:/st/stm32cubeide_1.8.0/stm32cubeide/plugins/com.st.stm32cube.ide.mcu.externaltools.gnu-tools-for-stm32.9-2020-q2-update.win32_2.0.0.202105311346/tools/bin/../lib/gcc/arm-none-eabi/9.3.1/thumb/v7e-m+dp/hard/crtbegin.o
 *(.init)
 .init          0x000000000800c590        0x4 c:/st/stm32cubeide_1.8.0/stm32cubeide/plugins/com.st.stm32cube.ide.mcu.externaltools.gnu-tools-for-stm32.9-2020-q2-update.win32_2.0.0.202105311346/tools/bin/../lib/gcc/arm-none-eabi/9.3.1/thumb/v7e-m+dp/hard/crti.o
                0x000000000800c590                _init
 .init          0x000000000800c594        0x8 c:/st/stm32cubeide_1.8.0/stm32cubeide/plugins/com.st.stm32cube.ide.mcu.externaltools.gnu-tools-for-stm32.9-2020-q2-update.win32_2.0.0.202105311346/tools/bin/../lib/gcc/arm-none-eabi/9.3.1/thumb/v7e-m+dp/hard/crtn.o
 *(.fini)
 .fini          0x000000000800c59c        0x4 c:/st/stm32cubeide_1.8.0/stm32cubeide/plugins/com.st.stm32cube.ide.mcu.externaltools.gnu-tools-for-stm32.9-2020-q2-update.win32_2.0.0.202105311346/tools/bin/../lib/gcc/arm-none-eabi/9.3.1/thumb/v7e-m+dp/hard/crti.o
                0x000000000800c59c                _fini
 .fini          0x000000000800c5a0        0x8 c:/st/stm32cubeide_1.8.0/stm32cubeide/plugins/com.st.stm32cube.ide.mcu.externaltools.gnu-tools-for-stm32.9-2020-q2-update.win32_2.0.0.202105311346/tools/bin/../lib/gcc/arm-none-eabi/9.3.1/thumb/v7e-m+dp/hard/crtn.o
                0x000000000800c5a8                . = ALIGN (0x4)
                0x000000000800c5a8                _etext = .

.vfp11_veneer   0x000000000800c5a8        0x0
 .vfp11_veneer  0x000000000800c5a8        0x0 linker stubs

.v4_bx          0x000000000800c5a8        0x0
 .v4_bx         0x000000000800c5a8        0x0 linker stubs

.iplt           0x000000000800c5a8        0x0
 .iplt          0x000000000800c5a8        0x0 c:/st/stm32cubeide_1.8.0/stm32cubeide/plugins/com.st.stm32cube.ide.mcu.externaltools.gnu-tools-for-stm32.9-2020-q2-update.win32_2.0.0.202105311346/tools/bin/../lib/gcc/arm-none-eabi/9.3.1/thumb/v7e-m+dp/hard/crtbegin.o

.rodata         0x000000000800c5a8      0x19c
                0x000000000800c5a8                . = ALIGN (0x4)
 *(.rodata)
 .rodata        0x000000000800c5a8       0x21 ./Core/Src/freertos.o
 *fill*         0x000000000800c5c9        0x3 
 .rodata        0x000000000800c5cc       0x4c ./Drivers/STM32H7xx_HAL_Driver/Src/stm32h7xx_hal_fdcan.o
 .rodata        0x000000000800c618        0x5 ./Middlewares/Third_Party/FreeRTOS/Source/tasks.o
 *fill*         0x000000000800c61d        0x3 
 .rodata        0x000000000800c620        0xd ./Middlewares/Third_Party/FreeRTOS/Source/timers.o
 *(.rodata*)
 *fill*         0x000000000800c62d        0x3 
 .rodata.defaultTask_attributes
                0x000000000800c630       0x24 ./Core/Src/freertos.o
                0x000000000800c630                defaultTask_attributes
 .rodata.myTask02_attributes
                0x000000000800c654       0x24 ./Core/Src/freertos.o
                0x000000000800c654                myTask02_attributes
 .rodata.myTask03_attributes
                0x000000000800c678       0x24 ./Core/Src/freertos.o
                0x000000000800c678                myTask03_attributes
 .rodata.D1CorePrescTable
                0x000000000800c69c       0x10 ./Core/Src/system_stm32h7xx.o
                0x000000000800c69c                D1CorePrescTable
 .rodata.DLCtoBytes
                0x000000000800c6ac       0x10 ./Drivers/STM32H7xx_HAL_Driver/Src/stm32h7xx_hal_fdcan.o
 .rodata.UARTPrescTable
                0x000000000800c6bc       0x18 ./Drivers/STM32H7xx_HAL_Driver/Src/stm32h7xx_hal_uart.o
                0x000000000800c6bc                UARTPrescTable
 .rodata.numerator.11329
                0x000000000800c6d4        0x8 ./Drivers/STM32H7xx_HAL_Driver/Src/stm32h7xx_hal_uart_ex.o
 .rodata.denominator.11330
                0x000000000800c6dc        0x8 ./Drivers/STM32H7xx_HAL_Driver/Src/stm32h7xx_hal_uart_ex.o
 .rodata.__sf_fake_stderr
                0x000000000800c6e4       0x20 c:/st/stm32cubeide_1.8.0/stm32cubeide/plugins/com.st.stm32cube.ide.mcu.externaltools.gnu-tools-for-stm32.9-2020-q2-update.win32_2.0.0.202105311346/tools/bin/../lib/gcc/arm-none-eabi/9.3.1/../../../../arm-none-eabi/lib/thumb/v7e-m+dp/hard\libc_nano.a(lib_a-findfp.o)
                0x000000000800c6e4                __sf_fake_stderr
 .rodata.__sf_fake_stdin
                0x000000000800c704       0x20 c:/st/stm32cubeide_1.8.0/stm32cubeide/plugins/com.st.stm32cube.ide.mcu.externaltools.gnu-tools-for-stm32.9-2020-q2-update.win32_2.0.0.202105311346/tools/bin/../lib/gcc/arm-none-eabi/9.3.1/../../../../arm-none-eabi/lib/thumb/v7e-m+dp/hard\libc_nano.a(lib_a-findfp.o)
                0x000000000800c704                __sf_fake_stdin
 .rodata.__sf_fake_stdout
                0x000000000800c724       0x20 c:/st/stm32cubeide_1.8.0/stm32cubeide/plugins/com.st.stm32cube.ide.mcu.externaltools.gnu-tools-for-stm32.9-2020-q2-update.win32_2.0.0.202105311346/tools/bin/../lib/gcc/arm-none-eabi/9.3.1/../../../../arm-none-eabi/lib/thumb/v7e-m+dp/hard\libc_nano.a(lib_a-findfp.o)
                0x000000000800c724                __sf_fake_stdout
                0x000000000800c744                . = ALIGN (0x4)

.ARM.extab
 *(.ARM.extab* .gnu.linkonce.armextab.*)

.ARM            0x000000000800c744        0x8
                0x000000000800c744                __exidx_start = .
 *(.ARM.exidx*)
 .ARM.exidx     0x000000000800c744        0x8 c:/st/stm32cubeide_1.8.0/stm32cubeide/plugins/com.st.stm32cube.ide.mcu.externaltools.gnu-tools-for-stm32.9-2020-q2-update.win32_2.0.0.202105311346/tools/bin/../lib/gcc/arm-none-eabi/9.3.1/thumb/v7e-m+dp/hard\libgcc.a(_udivmoddi4.o)
                0x000000000800c74c                __exidx_end = .

.rel.dyn        0x000000000800c74c        0x0
 .rel.iplt      0x000000000800c74c        0x0 c:/st/stm32cubeide_1.8.0/stm32cubeide/plugins/com.st.stm32cube.ide.mcu.externaltools.gnu-tools-for-stm32.9-2020-q2-update.win32_2.0.0.202105311346/tools/bin/../lib/gcc/arm-none-eabi/9.3.1/thumb/v7e-m+dp/hard/crtbegin.o

.preinit_array  0x000000000800c74c        0x0
                0x000000000800c74c                PROVIDE (__preinit_array_start = .)
 *(.preinit_array*)
                0x000000000800c74c                PROVIDE (__preinit_array_end = .)

.init_array     0x000000000800c74c        0x4
                0x000000000800c74c                PROVIDE (__init_array_start = .)
 *(SORT_BY_NAME(.init_array.*))
 *(.init_array*)
 .init_array    0x000000000800c74c        0x4 c:/st/stm32cubeide_1.8.0/stm32cubeide/plugins/com.st.stm32cube.ide.mcu.externaltools.gnu-tools-for-stm32.9-2020-q2-update.win32_2.0.0.202105311346/tools/bin/../lib/gcc/arm-none-eabi/9.3.1/thumb/v7e-m+dp/hard/crtbegin.o
                0x000000000800c750                PROVIDE (__init_array_end = .)

.fini_array     0x000000000800c750        0x4
                [!provide]                        PROVIDE (__fini_array_start = .)
 *(SORT_BY_NAME(.fini_array.*))
 *(.fini_array*)
 .fini_array    0x000000000800c750        0x4 c:/st/stm32cubeide_1.8.0/stm32cubeide/plugins/com.st.stm32cube.ide.mcu.externaltools.gnu-tools-for-stm32.9-2020-q2-update.win32_2.0.0.202105311346/tools/bin/../lib/gcc/arm-none-eabi/9.3.1/thumb/v7e-m+dp/hard/crtbegin.o
                [!provide]                        PROVIDE (__fini_array_end = .)
                0x000000000800c754                _sidata = LOADADDR (.data)

.data           0x0000000024000000       0x78 load address 0x000000000800c754
                0x0000000024000000                . = ALIGN (0x4)
                0x0000000024000000                _sdata = .
 *(.data)
 *(.data*)
 .data.SystemCoreClock
                0x0000000024000000        0x4 ./Core/Src/system_stm32h7xx.o
                0x0000000024000000                SystemCoreClock
 .data.SystemD2Clock
                0x0000000024000004        0x4 ./Core/Src/system_stm32h7xx.o
                0x0000000024000004                SystemD2Clock
 .data.uwTickPrio
                0x0000000024000008        0x4 ./Drivers/STM32H7xx_HAL_Driver/Src/stm32h7xx_hal.o
                0x0000000024000008                uwTickPrio
 .data.uwTickFreq
                0x000000002400000c        0x1 ./Drivers/STM32H7xx_HAL_Driver/Src/stm32h7xx_hal.o
                0x000000002400000c                uwTickFreq
 *fill*         0x000000002400000d        0x3 
 .data.uxCriticalNesting
                0x0000000024000010        0x4 ./Middlewares/Third_Party/FreeRTOS/Source/portable/GCC/ARM_CM4F/port.o
 .data._impure_ptr
                0x0000000024000014        0x4 c:/st/stm32cubeide_1.8.0/stm32cubeide/plugins/com.st.stm32cube.ide.mcu.externaltools.gnu-tools-for-stm32.9-2020-q2-update.win32_2.0.0.202105311346/tools/bin/../lib/gcc/arm-none-eabi/9.3.1/../../../../arm-none-eabi/lib/thumb/v7e-m+dp/hard\libc_nano.a(lib_a-impure.o)
                0x0000000024000014                _impure_ptr
 .data.impure_data
                0x0000000024000018       0x60 c:/st/stm32cubeide_1.8.0/stm32cubeide/plugins/com.st.stm32cube.ide.mcu.externaltools.gnu-tools-for-stm32.9-2020-q2-update.win32_2.0.0.202105311346/tools/bin/../lib/gcc/arm-none-eabi/9.3.1/../../../../arm-none-eabi/lib/thumb/v7e-m+dp/hard\libc_nano.a(lib_a-impure.o)
 *(.RamFunc)
 *(.RamFunc*)
                0x0000000024000078                . = ALIGN (0x4)
                0x0000000024000078                _edata = .

.igot.plt       0x0000000024000078        0x0 load address 0x000000000800c7cc
 .igot.plt      0x0000000024000078        0x0 c:/st/stm32cubeide_1.8.0/stm32cubeide/plugins/com.st.stm32cube.ide.mcu.externaltools.gnu-tools-for-stm32.9-2020-q2-update.win32_2.0.0.202105311346/tools/bin/../lib/gcc/arm-none-eabi/9.3.1/thumb/v7e-m+dp/hard/crtbegin.o
                0x0000000024000078                . = ALIGN (0x4)

.bss            0x0000000024000078     0x4d4c load address 0x000000000800c7cc
                0x0000000024000078                _sbss = .
                0x0000000024000078                __bss_start__ = _sbss
 *(.bss)
 .bss           0x0000000024000078       0x1c c:/st/stm32cubeide_1.8.0/stm32cubeide/plugins/com.st.stm32cube.ide.mcu.externaltools.gnu-tools-for-stm32.9-2020-q2-update.win32_2.0.0.202105311346/tools/bin/../lib/gcc/arm-none-eabi/9.3.1/thumb/v7e-m+dp/hard/crtbegin.o
 *(.bss*)
 .bss.IC_Val1   0x0000000024000094        0x4 ./Core/Src/_7_seg.o
                0x0000000024000094                IC_Val1
 .bss.IC_Val2   0x0000000024000098        0x4 ./Core/Src/_7_seg.o
                0x0000000024000098                IC_Val2
 .bss.Difference
                0x000000002400009c        0x4 ./Core/Src/_7_seg.o
                0x000000002400009c                Difference
 .bss.Is_First_Captured
                0x00000000240000a0        0x1 ./Core/Src/_7_seg.o
                0x00000000240000a0                Is_First_Captured
 .bss.Distance  0x00000000240000a1        0x1 ./Core/Src/_7_seg.o
                0x00000000240000a1                Distance
 .bss.flag      0x00000000240000a2        0x1 ./Core/Src/_7_seg.o
                0x00000000240000a2                flag
 *fill*         0x00000000240000a3        0x1 
 .bss.KernelState
                0x00000000240000a4        0x4 ./Middlewares/Third_Party/FreeRTOS/Source/CMSIS_RTOS_V2/cmsis_os2.o
 .bss.Idle_TCB.13013
                0x00000000240000a8       0xbc ./Middlewares/Third_Party/FreeRTOS/Source/CMSIS_RTOS_V2/cmsis_os2.o
 .bss.Idle_Stack.13014
                0x0000000024000164      0x200 ./Middlewares/Third_Party/FreeRTOS/Source/CMSIS_RTOS_V2/cmsis_os2.o
 .bss.Timer_TCB.13020
                0x0000000024000364       0xbc ./Middlewares/Third_Party/FreeRTOS/Source/CMSIS_RTOS_V2/cmsis_os2.o
 .bss.Timer_Stack.13021
                0x0000000024000420      0x400 ./Middlewares/Third_Party/FreeRTOS/Source/CMSIS_RTOS_V2/cmsis_os2.o
 .bss.pxCurrentTCB
                0x0000000024000820        0x4 ./Middlewares/Third_Party/FreeRTOS/Source/tasks.o
                0x0000000024000820                pxCurrentTCB
 .bss.pxReadyTasksLists
                0x0000000024000824      0x460 ./Middlewares/Third_Party/FreeRTOS/Source/tasks.o
 .bss.xDelayedTaskList1
                0x0000000024000c84       0x14 ./Middlewares/Third_Party/FreeRTOS/Source/tasks.o
 .bss.xDelayedTaskList2
                0x0000000024000c98       0x14 ./Middlewares/Third_Party/FreeRTOS/Source/tasks.o
 .bss.pxDelayedTaskList
                0x0000000024000cac        0x4 ./Middlewares/Third_Party/FreeRTOS/Source/tasks.o
 .bss.pxOverflowDelayedTaskList
                0x0000000024000cb0        0x4 ./Middlewares/Third_Party/FreeRTOS/Source/tasks.o
 .bss.xPendingReadyList
                0x0000000024000cb4       0x14 ./Middlewares/Third_Party/FreeRTOS/Source/tasks.o
 .bss.xTasksWaitingTermination
                0x0000000024000cc8       0x14 ./Middlewares/Third_Party/FreeRTOS/Source/tasks.o
 .bss.uxDeletedTasksWaitingCleanUp
                0x0000000024000cdc        0x4 ./Middlewares/Third_Party/FreeRTOS/Source/tasks.o
 .bss.xSuspendedTaskList
                0x0000000024000ce0       0x14 ./Middlewares/Third_Party/FreeRTOS/Source/tasks.o
 .bss.uxCurrentNumberOfTasks
                0x0000000024000cf4        0x4 ./Middlewares/Third_Party/FreeRTOS/Source/tasks.o
 .bss.xTickCount
                0x0000000024000cf8        0x4 ./Middlewares/Third_Party/FreeRTOS/Source/tasks.o
 .bss.uxTopReadyPriority
                0x0000000024000cfc        0x4 ./Middlewares/Third_Party/FreeRTOS/Source/tasks.o
 .bss.xSchedulerRunning
                0x0000000024000d00        0x4 ./Middlewares/Third_Party/FreeRTOS/Source/tasks.o
 .bss.xPendedTicks
                0x0000000024000d04        0x4 ./Middlewares/Third_Party/FreeRTOS/Source/tasks.o
 .bss.xYieldPending
                0x0000000024000d08        0x4 ./Middlewares/Third_Party/FreeRTOS/Source/tasks.o
 .bss.xNumOfOverflows
                0x0000000024000d0c        0x4 ./Middlewares/Third_Party/FreeRTOS/Source/tasks.o
 .bss.uxTaskNumber
                0x0000000024000d10        0x4 ./Middlewares/Third_Party/FreeRTOS/Source/tasks.o
 .bss.xNextTaskUnblockTime
                0x0000000024000d14        0x4 ./Middlewares/Third_Party/FreeRTOS/Source/tasks.o
 .bss.xIdleTaskHandle
                0x0000000024000d18        0x4 ./Middlewares/Third_Party/FreeRTOS/Source/tasks.o
 .bss.uxSchedulerSuspended
                0x0000000024000d1c        0x4 ./Middlewares/Third_Party/FreeRTOS/Source/tasks.o
 .bss.xActiveTimerList1
                0x0000000024000d20       0x14 ./Middlewares/Third_Party/FreeRTOS/Source/timers.o
 .bss.xActiveTimerList2
                0x0000000024000d34       0x14 ./Middlewares/Third_Party/FreeRTOS/Source/timers.o
 .bss.pxCurrentTimerList
                0x0000000024000d48        0x4 ./Middlewares/Third_Party/FreeRTOS/Source/timers.o
 .bss.pxOverflowTimerList
                0x0000000024000d4c        0x4 ./Middlewares/Third_Party/FreeRTOS/Source/timers.o
 .bss.xTimerQueue
                0x0000000024000d50        0x4 ./Middlewares/Third_Party/FreeRTOS/Source/timers.o
 .bss.xTimerTaskHandle
                0x0000000024000d54        0x4 ./Middlewares/Third_Party/FreeRTOS/Source/timers.o
 .bss.xLastTime.7010
                0x0000000024000d58        0x4 ./Middlewares/Third_Party/FreeRTOS/Source/timers.o
 .bss.ucStaticTimerQueueStorage.7061
                0x0000000024000d5c       0xa0 ./Middlewares/Third_Party/FreeRTOS/Source/timers.o
 .bss.xStaticTimerQueue.7060
                0x0000000024000dfc       0x50 ./Middlewares/Third_Party/FreeRTOS/Source/timers.o
 .bss.ucMaxSysCallPriority
                0x0000000024000e4c        0x1 ./Middlewares/Third_Party/FreeRTOS/Source/portable/GCC/ARM_CM4F/port.o
 *fill*         0x0000000024000e4d        0x3 
 .bss.ulMaxPRIGROUPValue
                0x0000000024000e50        0x4 ./Middlewares/Third_Party/FreeRTOS/Source/portable/GCC/ARM_CM4F/port.o
 .bss.ucHeap    0x0000000024000e54     0x3c00 ./Middlewares/Third_Party/FreeRTOS/Source/portable/MemMang/heap_4.o
 .bss.xStart    0x0000000024004a54        0x8 ./Middlewares/Third_Party/FreeRTOS/Source/portable/MemMang/heap_4.o
 .bss.pxEnd     0x0000000024004a5c        0x4 ./Middlewares/Third_Party/FreeRTOS/Source/portable/MemMang/heap_4.o
 .bss.xFreeBytesRemaining
                0x0000000024004a60        0x4 ./Middlewares/Third_Party/FreeRTOS/Source/portable/MemMang/heap_4.o
 .bss.xMinimumEverFreeBytesRemaining
                0x0000000024004a64        0x4 ./Middlewares/Third_Party/FreeRTOS/Source/portable/MemMang/heap_4.o
 .bss.xNumberOfSuccessfulAllocations
                0x0000000024004a68        0x4 ./Middlewares/Third_Party/FreeRTOS/Source/portable/MemMang/heap_4.o
 .bss.xNumberOfSuccessfulFrees
                0x0000000024004a6c        0x4 ./Middlewares/Third_Party/FreeRTOS/Source/portable/MemMang/heap_4.o
 .bss.xBlockAllocatedBit
                0x0000000024004a70        0x4 ./Middlewares/Third_Party/FreeRTOS/Source/portable/MemMang/heap_4.o
 .bss.__malloc_free_list
                0x0000000024004a74        0x4 c:/st/stm32cubeide_1.8.0/stm32cubeide/plugins/com.st.stm32cube.ide.mcu.externaltools.gnu-tools-for-stm32.9-2020-q2-update.win32_2.0.0.202105311346/tools/bin/../lib/gcc/arm-none-eabi/9.3.1/../../../../arm-none-eabi/lib/thumb/v7e-m+dp/hard\libc_nano.a(lib_a-nano-mallocr.o)
                0x0000000024004a74                __malloc_free_list
 *(COMMON)
 COMMON         0x0000000024004a78       0xc0 ./Core/Src/fdcan.o
                0x0000000024004a78                sFilterConfig
                0x0000000024004a98                hfdcan1
 COMMON         0x0000000024004b38        0xc ./Core/Src/freertos.o
                0x0000000024004b38                defaultTaskHandle
                0x0000000024004b3c                myTask02Handle
                0x0000000024004b40                myTask03Handle
 COMMON         0x0000000024004b44       0x4c ./Core/Src/i2c.o
                0x0000000024004b44                hi2c1
 COMMON         0x0000000024004b90       0x70 ./Core/Src/main.o
                0x0000000024004b90                RxData_From_Node1
                0x0000000024004b98                h_lcd
                0x0000000024004ba4                TxData_Node1_To_Node3
                0x0000000024004bac                RxData_From_Node3
                0x0000000024004bb4                TxHeader
                0x0000000024004bd8                RxHeader
 COMMON         0x0000000024004c00       0x4c ./Core/Src/stm32h7xx_hal_timebase_tim.o
                0x0000000024004c00                htim4
 COMMON         0x0000000024004c4c       0x98 ./Core/Src/tim.o
                0x0000000024004c4c                htim3
                0x0000000024004c98                htim1
 COMMON         0x0000000024004ce4       0x90 ./Core/Src/usart.o
                0x0000000024004ce4                huart3
 COMMON         0x0000000024004d74        0x4 ./Drivers/STM32H7xx_HAL_Driver/Src/stm32h7xx_hal.o
                0x0000000024004d74                uwTick
 COMMON         0x0000000024004d78       0x40 ./Middlewares/Third_Party/FreeRTOS/Source/queue.o
                0x0000000024004d78                xQueueRegistry
 COMMON         0x0000000024004db8        0x9 c:/st/stm32cubeide_1.8.0/stm32cubeide/plugins/com.st.stm32cube.ide.mcu.externaltools.gnu-tools-for-stm32.9-2020-q2-update.win32_2.0.0.202105311346/tools/bin/../lib/gcc/arm-none-eabi/9.3.1/../../../../arm-none-eabi/lib/thumb/v7e-m+dp/hard\libc_nano.a(lib_a-lock.o)
                0x0000000024004db8                __lock___atexit_recursive_mutex
                0x0000000024004db9                __lock___arc4random_mutex
                0x0000000024004dba                __lock___env_recursive_mutex
                0x0000000024004dbb                __lock___sinit_recursive_mutex
                0x0000000024004dbc                __lock___malloc_recursive_mutex
                0x0000000024004dbd                __lock___at_quick_exit_mutex
                0x0000000024004dbe                __lock___dd_hash_mutex
                0x0000000024004dbf                __lock___tz_mutex
                0x0000000024004dc0                __lock___sfp_recursive_mutex
                0x0000000024004dc4                . = ALIGN (0x4)
 *fill*         0x0000000024004dc1        0x3 
                0x0000000024004dc4                _ebss = .
                0x0000000024004dc4                __bss_end__ = _ebss

._user_heap_stack
                0x0000000024004dc4      0x604 load address 0x000000000800c7cc
                0x0000000024004dc8                . = ALIGN (0x8)
 *fill*         0x0000000024004dc4        0x4 
                [!provide]                        PROVIDE (end = .)
                0x0000000024004dc8                PROVIDE (_end = .)
                0x0000000024004fc8                . = (. + _Min_Heap_Size)
 *fill*         0x0000000024004dc8      0x200 
                0x00000000240053c8                . = (. + _Min_Stack_Size)
 *fill*         0x0000000024004fc8      0x400 
                0x00000000240053c8                . = ALIGN (0x8)

/DISCARD/
 libc.a(*)
 libm.a(*)
 libgcc.a(*)

.ARM.attributes
                0x0000000000000000       0x2e
 *(.ARM.attributes)
 .ARM.attributes
                0x0000000000000000       0x1e c:/st/stm32cubeide_1.8.0/stm32cubeide/plugins/com.st.stm32cube.ide.mcu.externaltools.gnu-tools-for-stm32.9-2020-q2-update.win32_2.0.0.202105311346/tools/bin/../lib/gcc/arm-none-eabi/9.3.1/thumb/v7e-m+dp/hard/crti.o
 .ARM.attributes
                0x000000000000001e       0x32 c:/st/stm32cubeide_1.8.0/stm32cubeide/plugins/com.st.stm32cube.ide.mcu.externaltools.gnu-tools-for-stm32.9-2020-q2-update.win32_2.0.0.202105311346/tools/bin/../lib/gcc/arm-none-eabi/9.3.1/thumb/v7e-m+dp/hard/crtbegin.o
 .ARM.attributes
                0x0000000000000050       0x32 ./Core/Src/_7_seg.o
 .ARM.attributes
                0x0000000000000082       0x32 ./Core/Src/fdcan.o
 .ARM.attributes
                0x00000000000000b4       0x32 ./Core/Src/freertos.o
 .ARM.attributes
                0x00000000000000e6       0x32 ./Core/Src/gpio.o
 .ARM.attributes
                0x0000000000000118       0x32 ./Core/Src/i2c.o
 .ARM.attributes
                0x000000000000014a       0x32 ./Core/Src/i2c_lcd.o
 .ARM.attributes
                0x000000000000017c       0x32 ./Core/Src/main.o
 .ARM.attributes
                0x00000000000001ae       0x32 ./Core/Src/stm32h7xx_hal_msp.o
 .ARM.attributes
                0x00000000000001e0       0x32 ./Core/Src/stm32h7xx_hal_timebase_tim.o
 .ARM.attributes
                0x0000000000000212       0x32 ./Core/Src/stm32h7xx_it.o
 .ARM.attributes
                0x0000000000000244       0x32 ./Core/Src/system_stm32h7xx.o
 .ARM.attributes
                0x0000000000000276       0x32 ./Core/Src/tim.o
 .ARM.attributes
                0x00000000000002a8       0x32 ./Core/Src/usart.o
 .ARM.attributes
                0x00000000000002da       0x21 ./Core/Startup/startup_stm32h7a3zitxq.o
 .ARM.attributes
                0x00000000000002fb       0x32 ./Drivers/STM32H7xx_HAL_Driver/Src/stm32h7xx_hal.o
 .ARM.attributes
                0x000000000000032d       0x32 ./Drivers/STM32H7xx_HAL_Driver/Src/stm32h7xx_hal_cortex.o
 .ARM.attributes
                0x000000000000035f       0x32 ./Drivers/STM32H7xx_HAL_Driver/Src/stm32h7xx_hal_fdcan.o
 .ARM.attributes
                0x0000000000000391       0x32 ./Drivers/STM32H7xx_HAL_Driver/Src/stm32h7xx_hal_gpio.o
 .ARM.attributes
                0x00000000000003c3       0x32 ./Drivers/STM32H7xx_HAL_Driver/Src/stm32h7xx_hal_i2c.o
 .ARM.attributes
                0x00000000000003f5       0x32 ./Drivers/STM32H7xx_HAL_Driver/Src/stm32h7xx_hal_i2c_ex.o
 .ARM.attributes
                0x0000000000000427       0x32 ./Drivers/STM32H7xx_HAL_Driver/Src/stm32h7xx_hal_pwr_ex.o
 .ARM.attributes
                0x0000000000000459       0x32 ./Drivers/STM32H7xx_HAL_Driver/Src/stm32h7xx_hal_rcc.o
 .ARM.attributes
                0x000000000000048b       0x32 ./Drivers/STM32H7xx_HAL_Driver/Src/stm32h7xx_hal_rcc_ex.o
 .ARM.attributes
                0x00000000000004bd       0x32 ./Drivers/STM32H7xx_HAL_Driver/Src/stm32h7xx_hal_tim.o
 .ARM.attributes
                0x00000000000004ef       0x32 ./Drivers/STM32H7xx_HAL_Driver/Src/stm32h7xx_hal_tim_ex.o
 .ARM.attributes
                0x0000000000000521       0x32 ./Drivers/STM32H7xx_HAL_Driver/Src/stm32h7xx_hal_uart.o
 .ARM.attributes
                0x0000000000000553       0x32 ./Drivers/STM32H7xx_HAL_Driver/Src/stm32h7xx_hal_uart_ex.o
 .ARM.attributes
                0x0000000000000585       0x32 ./Middlewares/Third_Party/FreeRTOS/Source/CMSIS_RTOS_V2/cmsis_os2.o
 .ARM.attributes
                0x00000000000005b7       0x32 ./Middlewares/Third_Party/FreeRTOS/Source/list.o
 .ARM.attributes
                0x00000000000005e9       0x32 ./Middlewares/Third_Party/FreeRTOS/Source/queue.o
 .ARM.attributes
                0x000000000000061b       0x32 ./Middlewares/Third_Party/FreeRTOS/Source/tasks.o
 .ARM.attributes
                0x000000000000064d       0x32 ./Middlewares/Third_Party/FreeRTOS/Source/timers.o
 .ARM.attributes
                0x000000000000067f       0x32 ./Middlewares/Third_Party/FreeRTOS/Source/portable/GCC/ARM_CM4F/port.o
 .ARM.attributes
                0x00000000000006b1       0x32 ./Middlewares/Third_Party/FreeRTOS/Source/portable/MemMang/heap_4.o
 .ARM.attributes
                0x00000000000006e3       0x32 c:/st/stm32cubeide_1.8.0/stm32cubeide/plugins/com.st.stm32cube.ide.mcu.externaltools.gnu-tools-for-stm32.9-2020-q2-update.win32_2.0.0.202105311346/tools/bin/../lib/gcc/arm-none-eabi/9.3.1/../../../../arm-none-eabi/lib/thumb/v7e-m+dp/hard\libc_nano.a(lib_a-findfp.o)
 .ARM.attributes
                0x0000000000000715       0x30 c:/st/stm32cubeide_1.8.0/stm32cubeide/plugins/com.st.stm32cube.ide.mcu.externaltools.gnu-tools-for-stm32.9-2020-q2-update.win32_2.0.0.202105311346/tools/bin/../lib/gcc/arm-none-eabi/9.3.1/../../../../arm-none-eabi/lib/thumb/v7e-m+dp/hard\libc_nano.a(lib_a-impure.o)
 .ARM.attributes
                0x0000000000000745       0x32 c:/st/stm32cubeide_1.8.0/stm32cubeide/plugins/com.st.stm32cube.ide.mcu.externaltools.gnu-tools-for-stm32.9-2020-q2-update.win32_2.0.0.202105311346/tools/bin/../lib/gcc/arm-none-eabi/9.3.1/../../../../arm-none-eabi/lib/thumb/v7e-m+dp/hard\libc_nano.a(lib_a-init.o)
 .ARM.attributes
                0x0000000000000777       0x32 c:/st/stm32cubeide_1.8.0/stm32cubeide/plugins/com.st.stm32cube.ide.mcu.externaltools.gnu-tools-for-stm32.9-2020-q2-update.win32_2.0.0.202105311346/tools/bin/../lib/gcc/arm-none-eabi/9.3.1/../../../../arm-none-eabi/lib/thumb/v7e-m+dp/hard\libc_nano.a(lib_a-lock.o)
 .ARM.attributes
                0x00000000000007a9       0x32 c:/st/stm32cubeide_1.8.0/stm32cubeide/plugins/com.st.stm32cube.ide.mcu.externaltools.gnu-tools-for-stm32.9-2020-q2-update.win32_2.0.0.202105311346/tools/bin/../lib/gcc/arm-none-eabi/9.3.1/../../../../arm-none-eabi/lib/thumb/v7e-m+dp/hard\libc_nano.a(lib_a-memcpy-stub.o)
 .ARM.attributes
                0x00000000000007db       0x32 c:/st/stm32cubeide_1.8.0/stm32cubeide/plugins/com.st.stm32cube.ide.mcu.externaltools.gnu-tools-for-stm32.9-2020-q2-update.win32_2.0.0.202105311346/tools/bin/../lib/gcc/arm-none-eabi/9.3.1/../../../../arm-none-eabi/lib/thumb/v7e-m+dp/hard\libc_nano.a(lib_a-memset.o)
 .ARM.attributes
                0x000000000000080d       0x32 c:/st/stm32cubeide_1.8.0/stm32cubeide/plugins/com.st.stm32cube.ide.mcu.externaltools.gnu-tools-for-stm32.9-2020-q2-update.win32_2.0.0.202105311346/tools/bin/../lib/gcc/arm-none-eabi/9.3.1/../../../../arm-none-eabi/lib/thumb/v7e-m+dp/hard\libc_nano.a(lib_a-nano-mallocr.o)
 .ARM.attributes