_7_seg.c:9:6:PowerOn_7_SEG_D1	8	static
_7_seg.c:13:6:PowerOff_7_SEG_D1	8	static
_7_seg.c:17:6:PowerOn_7_SEG_D2	8	static
_7_seg.c:21:6:PowerOff_7_SEG_D2	8	static
_7_seg.c:25:6:PowerOn_7_SEG_D3	8	static
_7_seg.c:29:6:PowerOff_7_SEG_D3	8	static
_7_seg.c:33:6:PowerOn_7_SEG_D4	8	static
_7_seg.c:37:6:PowerOff_7_SEG_D4	8	static
_7_seg.c:42:6:On_7_SEG_AllPin	8	static
_7_seg.c:47:6:Off_7_SEG_AllPin	8	static
_7_seg.c:54:6:On_7_SEG_OnePin	16	static
_7_seg.c:58:6:Off_7_SEG_OnePin	16	static
_7_seg.c:62:6:_7_SEG_Pin_Test	8	static
_7_seg.c:77:6:_7_SEG_Num_Test	16	static
_7_seg.c:113:6:_7_SEG_Num_Test2	16	static
_7_seg.c:149:6:_7_SEG_20181367_Test	8	static
_7_seg.c:162:6:_7_SEG_1234_Test	8	static
_7_seg.c:198:6:delay	16	static
_7_seg.c:204:6:HAL_TIM_IC_CaptureCallback	16	static
_7_seg.c:241:6:HCSR04_Read	8	static
_7_seg.c:250:6:_7_SEG_ultra	8	static
_7_seg.c:271:6:_7_SEG_EXTI	8	static
_7_seg.c:285:6:HAL_GPIO_EXTI_Callback	16	static
